===== ANALYST longcat 2026-09-03 17:25:51 UTC =====
[91m[1mError: [0m{
  "name": "UnknownError",
  "data": {
    "message": "Unexpected server error. Check server logs for details.",
    "ref": "err_0dba57e3"
  }
}
===== ANALYST longcat 2026-09-03 19:59:04 UTC =====
[91m[1mError: [0m{
  "name": "UnknownError",
  "data": {
    "message": "Unexpected server error. Check server logs for details.",
    "ref": "err_56ffb741"
  }
}
===== ANALYST longcat 2026-09-03 22:32:22 UTC =====
[91m[1mError: [0m{
  "name": "UnknownError",
  "data": {
    "message": "Unexpected server error. Check server logs for details.",
    "ref": "err_cb39fda7"
  }
}
===== ANALYST longcat 2026-09-04 00:36:06 UTC =====
[91m[1mError: [0m{
  "name": "UnknownError",
  "data": {
    "message": "Unexpected server error. Check server logs for details.",
    "ref": "err_428cfa79"
  }
}
===== ANALYST longcat 2026-09-04 05:12:55 UTC =====
[91m[1mError: [0m{
  "name": "UnknownError",
  "data": {
    "message": "Unexpected server error. Check server logs for details.",
    "ref": "err_4aed0b39"
  }
}
===== ANALYST longcat 2026-09-04 09:55:16 UTC =====
[91m[1mError: [0m{
  "name": "UnknownError",
  "data": {
    "message": "Unexpected server error. Check server logs for details.",
    "ref": "err_b50d50f3"
  }
}
===== ANALYST longcat 2026-09-04 14:14:31 UTC =====
[91m[1mError: [0m{
  "name": "UnknownError",
  "data": {
    "message": "Unexpected server error. Check server logs for details.",
    "ref": "err_69fa1364"
  }
}
===== ANALYST longcat 2026-09-04 17:50:13 UTC =====
[91m[1mError: [0m{
  "name": "UnknownError",
  "data": {
    "message": "Unexpected server error. Check server logs for details.",
    "ref": "err_4de6362b"
  }
}
===== ANALYST longcat 2026-09-04 20:02:49 UTC =====
[91m[1mError: [0m{
  "name": "UnknownError",
  "data": {
    "message": "Unexpected server error. Check server logs for details.",
    "ref": "err_cfbc9b6f"
  }
}
===== ANALYST longcat 2026-09-04 22:20:56 UTC =====
[91m[1mError: [0m{
  "name": "UnknownError",
  "data": {
    "message": "Unexpected server error. Check server logs for details.",
    "ref": "err_75f2e333"
  }
}
===== ANALYST longcat 2026-09-05 00:24:44 UTC =====
[91m[1mError: [0m{
  "name": "UnknownError",
  "data": {
    "message": "Unexpected server error. Check server logs for details.",
    "ref": "err_46b0849f"
  }
}
===== ANALYST longcat 2026-09-05 04:44:37 UTC =====
[91m[1mError: [0m{
  "name": "UnknownError",
  "data": {
    "message": "Unexpected server error. Check server logs for details.",
    "ref": "err_b5d5e846"
  }
}
===== ANALYST longcat 2026-09-05 08:45:15 UTC =====
[91m[1mError: [0m{
  "name": "UnknownError",
  "data": {
    "message": "Unexpected server error. Check server logs for details.",
    "ref": "err_9267d056"
  }
}
===== ANALYST longcat 2026-09-05 12:10:03 UTC =====
[91m[1mError: [0m{
  "name": "UnknownError",
  "data": {
    "message": "Unexpected server error. Check server logs for details.",
    "ref": "err_4ac5edf1"
  }
}
===== ANALYST longcat 2026-09-05 15:31:08 UTC =====
[91m[1mError: [0m{
  "name": "UnknownError",
  "data": {
    "message": "Unexpected server error. Check server logs for details.",
    "ref": "err_864f855a"
  }
}
===== ANALYST longcat 2026-09-05 17:52:35 UTC =====
[91m[1mError: [0m{
  "name": "UnknownError",
  "data": {
    "message": "Unexpected server error. Check server logs for details.",
    "ref": "err_333f2e1d"
  }
}
===== ANALYST longcat 2026-09-05 19:34:42 UTC =====
[91m[1mError: [0m{
  "name": "UnknownError",
  "data": {
    "message": "Unexpected server error. Check server logs for details.",
    "ref": "err_3792b635"
  }
}
===== ANALYST longcat 2026-09-05 21:50:26 UTC =====
[91m[1mError: [0m{
  "name": "UnknownError",
  "data": {
    "message": "Unexpected server error. Check server logs for details.",
    "ref": "err_de133cf7"
  }
}
===== ANALYST longcat 2026-09-05 23:45:33 UTC =====
[91m[1mError: [0m{
  "name": "UnknownError",
  "data": {
    "message": "Unexpected server error. Check server logs for details.",
    "ref": "err_170648c0"
  }
}
===== ANALYST longcat 2026-09-06 04:05:10 UTC =====
[91m[1mError: [0m{
  "name": "UnknownError",
  "data": {
    "message": "Unexpected server error. Check server logs for details.",
    "ref": "err_82d8e316"
  }
}
===== ANALYST longcat 2026-09-06 08:47:51 UTC =====
[91m[1mError: [0m{
  "name": "UnknownError",
  "data": {
    "message": "Unexpected server error. Check server logs for details.",
    "ref": "err_d5d8887c"
  }
}
===== ANALYST longcat 2026-09-06 12:51:50 UTC =====
[91m[1mError: [0m{
  "name": "UnknownError",
  "data": {
    "message": "Unexpected server error. Check server logs for details.",
    "ref": "err_06b477b9"
  }
}
===== ANALYST longcat 2026-09-06 16:26:36 UTC =====
[91m[1mError: [0m{
  "name": "UnknownError",
  "data": {
    "message": "Unexpected server error. Check server logs for details.",
    "ref": "err_ce737ac1"
  }
}
===== ANALYST longcat 2026-09-06 18:44:57 UTC =====
[91m[1mError: [0m{
  "name": "UnknownError",
  "data": {
    "message": "Unexpected server error. Check server logs for details.",
    "ref": "err_262f3997"
  }
}
===== ANALYST longcat 2026-09-06 20:56:58 UTC =====
[91m[1mError: [0m{
  "name": "UnknownError",
  "data": {
    "message": "Unexpected server error. Check server logs for details.",
    "ref": "err_313997d1"
  }
}
===== ANALYST longcat 2026-09-06 22:52:02 UTC =====
[91m[1mError: [0m{
  "name": "UnknownError",
  "data": {
    "message": "Unexpected server error. Check server logs for details.",
    "ref": "err_293e45c4"
  }
}
===== ANALYST longcat 2026-09-07 00:55:00 UTC =====
[91m[1mError: [0m{
  "name": "UnknownError",
  "data": {
    "message": "Unexpected server error. Check server logs for details.",
    "ref": "err_9eb1b6c1"
  }
}
===== ANALYST longcat 2026-09-07 05:57:20 UTC =====
[91m[1mError: [0m{
  "name": "UnknownError",
  "data": {
    "message": "Unexpected server error. Check server logs for details.",
    "ref": "err_099b993f"
  }
}
===== ANALYST longcat 2026-09-07 12:11:41 UTC =====
[91m[1mError: [0m{
  "name": "UnknownError",
  "data": {
    "message": "Unexpected server error. Check server logs for details.",
    "ref": "err_308439ed"
  }
}
===== ANALYST longcat 2026-09-07 17:55:54 UTC =====
[91m[1mError: [0m{
  "name": "UnknownError",
  "data": {
    "message": "Unexpected server error. Check server logs for details.",
    "ref": "err_75aee5b0"
  }
}
===== ANALYST longcat 2026-09-07 21:29:12 UTC =====
[91m[1mError: [0m{
  "name": "UnknownError",
  "data": {
    "message": "Unexpected server error. Check server logs for details.",
    "ref": "err_ad122c34"
  }
}
===== ANALYST longcat 2026-09-07 23:51:38 UTC =====
[91m[1mError: [0m{
  "name": "UnknownError",
  "data": {
    "message": "Unexpected server error. Check server logs for details.",
    "ref": "err_11c688b4"
  }
}
===== ANALYST longcat 2026-09-08 04:14:51 UTC =====
[91m[1mError: [0m{
  "name": "UnknownError",
  "data": {
    "message": "Unexpected server error. Check server logs for details.",
    "ref": "err_e8d603db"
  }
}
===== ANALYST longcat 2026-09-08 09:15:48 UTC =====
[91m[1mError: [0m{
  "name": "UnknownError",
  "data": {
    "message": "Unexpected server error. Check server logs for details.",
    "ref": "err_c9c795f3"
  }
}
===== ANALYST longcat 2026-09-08 13:37:57 UTC =====
[91m[1mError: [0m{
  "name": "UnknownError",
  "data": {
    "message": "Unexpected server error. Check server logs for details.",
    "ref": "err_c173f3f3"
  }
}
===== ANALYST longcat 2026-09-08 17:50:37 UTC =====
[91m[1mError: [0m{
  "name": "UnknownError",
  "data": {
    "message": "Unexpected server error. Check server logs for details.",
    "ref": "err_28ff4f01"
  }
}
===== ANALYST longcat 2026-09-08 20:29:13 UTC =====
[91m[1mError: [0m{
  "name": "UnknownError",
  "data": {
    "message": "Unexpected server error. Check server logs for details.",
    "ref": "err_3b55a0dc"
  }
}
===== ANALYST longcat 2026-09-08 22:49:04 UTC =====
[91m[1mError: [0m{
  "name": "UnknownError",
  "data": {
    "message": "Unexpected server error. Check server logs for details.",
    "ref": "err_1476e51f"
  }
}
===== ANALYST longcat 2026-09-09 01:11:32 UTC =====
[91m[1mError: [0m{
  "name": "UnknownError",
  "data": {
    "message": "Unexpected server error. Check server logs for details.",
    "ref": "err_ac83b2cc"
  }
}
===== ANALYST longcat 2026-09-09 06:13:32 UTC =====
[91m[1mError: [0m{
  "name": "UnknownError",
  "data": {
    "message": "Unexpected server error. Check server logs for details.",
    "ref": "err_81887d52"
  }
}
===== ANALYST longcat 2026-09-09 11:46:32 UTC =====
[91m[1mError: [0m{
  "name": "UnknownError",
  "data": {
    "message": "Unexpected server error. Check server logs for details.",
    "ref": "err_514348a7"
  }
}
===== ANALYST longcat 2026-09-09 15:37:47 UTC =====
[91m[1mError: [0m{
  "name": "UnknownError",
  "data": {
    "message": "Unexpected server error. Check server logs for details.",
    "ref": "err_42e63142"
  }
}
===== ANALYST longcat 2026-09-09 18:47:49 UTC =====
[91m[1mError: [0m{
  "name": "UnknownError",
  "data": {
    "message": "Unexpected server error. Check server logs for details.",
    "ref": "err_2c3c0a23"
  }
}
===== ANALYST longcat 2026-09-09 21:38:34 UTC =====
[91m[1mError: [0m{
  "name": "UnknownError",
  "data": {
    "message": "Unexpected server error. Check server logs for details.",
    "ref": "err_8530c747"
  }
}
===== ANALYST longcat 2026-09-09 23:34:19 UTC =====
[91m[1mError: [0m{
  "name": "UnknownError",
  "data": {
    "message": "Unexpected server error. Check server logs for details.",
    "ref": "err_9e85e6d8"
  }
}
===== ANALYST longcat 2026-09-10 01:33:10 UTC =====
[91m[1mError: [0m{
  "name": "UnknownError",
  "data": {
    "message": "Unexpected server error. Check server logs for details.",
    "ref": "err_7695d9ca"
  }
}
===== ANALYST longcat 2026-09-10 06:44:55 UTC =====
[91m[1mError: [0m{
  "name": "UnknownError",
  "data": {
    "message": "Unexpected server error. Check server logs for details.",
    "ref": "err_b777b25b"
  }
}
===== ANALYST longcat 2026-09-10 12:07:09 UTC =====
[91m[1mError: [0m{
  "name": "UnknownError",
  "data": {
    "message": "Unexpected server error. Check server logs for details.",
    "ref": "err_5e6aa127"
  }
}
===== ANALYST longcat 2026-09-10 16:22:36 UTC =====
[91m[1mError: [0m{
  "name": "UnknownError",
  "data": {
    "message": "Unexpected server error. Check server logs for details.",
    "ref": "err_32eec968"
  }
}
===== ANALYST longcat 2026-09-10 19:14:06 UTC =====
[91m[1mError: [0m{
  "name": "UnknownError",
  "data": {
    "message": "Unexpected server error. Check server logs for details.",
    "ref": "err_d4351574"
  }
}
===== ANALYST longcat 2026-09-10 21:46:22 UTC =====
[91m[1mError: [0m{
  "name": "UnknownError",
  "data": {
    "message": "Unexpected server error. Check server logs for details.",
    "ref": "err_ba917b80"
  }
}
===== ANALYST longcat 2026-09-10 23:58:15 UTC =====
[91m[1mError: [0m{
  "name": "UnknownError",
  "data": {
    "message": "Unexpected server error. Check server logs for details.",
    "ref": "err_980fbe67"
  }
}
===== ANALYST longcat 2026-09-11 04:24:46 UTC =====
[91m[1mError: [0m{
  "name": "UnknownError",
  "data": {
    "message": "Unexpected server error. Check server logs for details.",
    "ref": "err_d788cf37"
  }
}
===== ANALYST longcat 2026-09-11 09:18:33 UTC =====
[91m[1mError: [0m{
  "name": "UnknownError",
  "data": {
    "message": "Unexpected server error. Check server logs for details.",
    "ref": "err_611cc81e"
  }
}
===== ANALYST longcat 2026-09-11 13:49:05 UTC =====
[91m[1mError: [0m{
  "name": "UnknownError",
  "data": {
    "message": "Unexpected server error. Check server logs for details.",
    "ref": "err_eb6b5968"
  }
}
===== ANALYST longcat 2026-09-11 17:17:51 UTC =====
[91m[1mError: [0m{
  "name": "UnknownError",
  "data": {
    "message": "Unexpected server error. Check server logs for details.",
    "ref": "err_bbfcfa2f"
  }
}
===== ANALYST longcat 2026-09-11 19:56:11 UTC =====
[91m[1mError: [0m{
  "name": "UnknownError",
  "data": {
    "message": "Unexpected server error. Check server logs for details.",
    "ref": "err_4ca5343a"
  }
}
===== ANALYST longcat 2026-09-11 22:25:39 UTC =====
[91m[1mError: [0m{
  "name": "UnknownError",
  "data": {
    "message": "Unexpected server error. Check server logs for details.",
    "ref": "err_4b71b589"
  }
}
===== ANALYST longcat 2026-09-12 00:40:16 UTC =====
[91m[1mError: [0m{
  "name": "UnknownError",
  "data": {
    "message": "Unexpected server error. Check server logs for details.",
    "ref": "err_99233349"
  }
}
===== ANALYST longcat 2026-09-12 05:10:29 UTC =====
[91m[1mError: [0m{
  "name": "UnknownError",
  "data": {
    "message": "Unexpected server error. Check server logs for details.",
    "ref": "err_deba6ad3"
  }
}
===== ANALYST longcat 2026-09-12 09:33:14 UTC =====
[91m[1mError: [0m{
  "name": "UnknownError",
  "data": {
    "message": "Unexpected server error. Check server logs for details.",
    "ref": "err_a04862be"
  }
}
===== ANALYST longcat 2026-09-12 13:18:33 UTC =====
[91m[1mError: [0m{
  "name": "UnknownError",
  "data": {
    "message": "Unexpected server error. Check server logs for details.",
    "ref": "err_09b9da08"
  }
}
===== ANALYST longcat 2026-09-12 16:36:30 UTC =====
[91m[1mError: [0m{
  "name": "UnknownError",
  "data": {
    "message": "Unexpected server error. Check server logs for details.",
    "ref": "err_07e8b2a0"
  }
}
===== ANALYST longcat 2026-09-12 18:51:51 UTC =====
[91m[1mError: [0m{
  "name": "UnknownError",
  "data": {
    "message": "Unexpected server error. Check server logs for details.",
    "ref": "err_005de794"
  }
}
===== ANALYST longcat 2026-09-12 21:25:02 UTC =====
[91m[1mError: [0m{
  "name": "UnknownError",
  "data": {
    "message": "Unexpected server error. Check server logs for details.",
    "ref": "err_9c04f21f"
  }
}
===== ANALYST longcat 2026-09-12 23:10:23 UTC =====
[91m[1mError: [0m{
  "name": "UnknownError",
  "data": {
    "message": "Unexpected server error. Check server logs for details.",
    "ref": "err_01cad644"
  }
}
===== ANALYST longcat 2026-09-13 01:13:59 UTC =====
[91m[1mError: [0m{
  "name": "UnknownError",
  "data": {
    "message": "Unexpected server error. Check server logs for details.",
    "ref": "err_0a4b5d18"
  }
}
===== ANALYST longcat 2026-09-13 06:24:11 UTC =====
[91m[1mError: [0m{
  "name": "UnknownError",
  "data": {
    "message": "Unexpected server error. Check server logs for details.",
    "ref": "err_9c007d06"
  }
}
===== ANALYST longcat 2026-09-13 12:11:17 UTC =====
[91m[1mError: [0m{
  "name": "UnknownError",
  "data": {
    "message": "Unexpected server error. Check server logs for details.",
    "ref": "err_0bf01dc3"
  }
}
===== ANALYST longcat 2026-09-13 16:33:31 UTC =====
[91m[1mError: [0m{
  "name": "UnknownError",
  "data": {
    "message": "Unexpected server error. Check server logs for details.",
    "ref": "err_855af9ac"
  }
}
===== ANALYST longcat 2026-09-13 19:04:26 UTC =====
[91m[1mError: [0m{
  "name": "UnknownError",
  "data": {
    "message": "Unexpected server error. Check server logs for details.",
    "ref": "err_fcf80dd2"
  }
}
===== ANALYST longcat 2026-09-13 21:26:26 UTC =====
[91m[1mError: [0m{
  "name": "UnknownError",
  "data": {
    "message": "Unexpected server error. Check server logs for details.",
    "ref": "err_74182478"
  }
}
===== ANALYST longcat 2026-09-13 23:33:52 UTC =====
[91m[1mError: [0m{
  "name": "UnknownError",
  "data": {
    "message": "Unexpected server error. Check server logs for details.",
    "ref": "err_45d79f24"
  }
}
===== ANALYST longcat 2026-09-14 01:46:00 UTC =====
[91m[1mError: [0m{
  "name": "UnknownError",
  "data": {
    "message": "Unexpected server error. Check server logs for details.",
    "ref": "err_8ae61d63"
  }
}
===== ANALYST longcat 2026-09-14 07:16:52 UTC =====
[91m[1mError: [0m{
  "name": "UnknownError",
  "data": {
    "message": "Unexpected server error. Check server logs for details.",
    "ref": "err_69745521"
  }
}
===== ANALYST longcat 2026-09-14 14:33:09 UTC =====
[91m[1mError: [0m{
  "name": "UnknownError",
  "data": {
    "message": "Unexpected server error. Check server logs for details.",
    "ref": "err_2e319c5f"
  }
}
===== ANALYST longcat 2026-09-14 19:39:05 UTC =====
[91m[1mError: [0m{
  "name": "UnknownError",
  "data": {
    "message": "Unexpected server error. Check server logs for details.",
    "ref": "err_ca860856"
  }
}
===== ANALYST longcat 2026-09-14 22:48:32 UTC =====
[91m[1mError: [0m{
  "name": "UnknownError",
  "data": {
    "message": "Unexpected server error. Check server logs for details.",
    "ref": "err_a8e47d37"
  }
}
===== ANALYST longcat 2026-09-15 01:21:50 UTC =====
[91m[1mError: [0m{
  "name": "UnknownError",
  "data": {
    "message": "Unexpected server error. Check server logs for details.",
    "ref": "err_840155cb"
  }
}
===== ANALYST longcat 2026-09-15 06:35:54 UTC =====
[91m[1mError: [0m{
  "name": "UnknownError",
  "data": {
    "message": "Unexpected server error. Check server logs for details.",
    "ref": "err_c83b5f92"
  }
}
===== ANALYST longcat 2026-09-15 12:02:32 UTC =====
[91m[1mError: [0m{
  "name": "UnknownError",
  "data": {
    "message": "Unexpected server error. Check server logs for details.",
    "ref": "err_e068e574"
  }
}
===== ANALYST longcat 2026-09-15 16:58:00 UTC =====
[91m[1mError: [0m{
  "name": "UnknownError",
  "data": {
    "message": "Unexpected server error. Check server logs for details.",
    "ref": "err_faea0adc"
  }
}
===== ANALYST longcat 2026-09-15 20:12:57 UTC =====
[91m[1mError: [0m{
  "name": "UnknownError",
  "data": {
    "message": "Unexpected server error. Check server logs for details.",
    "ref": "err_57a57771"
  }
}
===== ANALYST longcat 2026-09-15 23:00:54 UTC =====
[91m[1mError: [0m{
  "name": "UnknownError",
  "data": {
    "message": "Unexpected server error. Check server logs for details.",
    "ref": "err_7a88cb1b"
  }
}
===== ANALYST longcat 2026-09-16 01:20:24 UTC =====
[91m[1mError: [0m{
  "name": "UnknownError",
  "data": {
    "message": "Unexpected server error. Check server logs for details.",
    "ref": "err_fd8e2208"
  }
}
===== ANALYST longcat 2026-09-16 06:22:48 UTC =====
[91m[1mError: [0m{
  "name": "UnknownError",
  "data": {
    "message": "Unexpected server error. Check server logs for details.",
    "ref": "err_64249571"
  }
}
===== ANALYST longcat 2026-09-16 11:52:57 UTC =====
[91m[1mError: [0m{
  "name": "UnknownError",
  "data": {
    "message": "Unexpected server error. Check server logs for details.",
    "ref": "err_57997b72"
  }
}
===== ANALYST longcat 2026-09-16 16:42:31 UTC =====
[91m[1mError: [0m{
  "name": "UnknownError",
  "data": {
    "message": "Unexpected server error. Check server logs for details.",
    "ref": "err_47b76f35"
  }
}
===== ANALYST longcat 2026-09-16 20:04:07 UTC =====
[91m[1mError: [0m{
  "name": "UnknownError",
  "data": {
    "message": "Unexpected server error. Check server logs for details.",
    "ref": "err_a433fa0e"
  }
}
===== ANALYST longcat 2026-09-16 22:49:50 UTC =====
[91m[1mError: [0m{
  "name": "UnknownError",
  "data": {
    "message": "Unexpected server error. Check server logs for details.",
    "ref": "err_8f478447"
  }
}
===== ANALYST longcat 2026-09-17 01:15:26 UTC =====
[91m[1mError: [0m{
  "name": "UnknownError",
  "data": {
    "message": "Unexpected server error. Check server logs for details.",
    "ref": "err_bb40ee5b"
  }
}
===== ANALYST longcat 2026-09-17 06:16:54 UTC =====
[91m[1mError: [0m{
  "name": "UnknownError",
  "data": {
    "message": "Unexpected server error. Check server logs for details.",
    "ref": "err_bfe87c67"
  }
}
===== ANALYST longcat 2026-09-17 11:57:39 UTC =====
[91m[1mError: [0m{
  "name": "UnknownError",
  "data": {
    "message": "Unexpected server error. Check server logs for details.",
    "ref": "err_47902c34"
  }
}
===== ANALYST longcat 2026-09-17 16:44:07 UTC =====
[91m[1mError: [0m{
  "name": "UnknownError",
  "data": {
    "message": "Unexpected server error. Check server logs for details.",
    "ref": "err_3cfe22ca"
  }
}
===== ANALYST longcat 2026-09-17 20:09:33 UTC =====
[91m[1mError: [0m{
  "name": "UnknownError",
  "data": {
    "message": "Unexpected server error. Check server logs for details.",
    "ref": "err_92389c8d"
  }
}
===== ANALYST longcat 2026-09-17 22:56:45 UTC =====
[91m[1mError: [0m{
  "name": "UnknownError",
  "data": {
    "message": "Unexpected server error. Check server logs for details.",
    "ref": "err_c5334649"
  }
}
===== ANALYST longcat 2026-09-18 01:11:21 UTC =====
[91m[1mError: [0m{
  "name": "UnknownError",
  "data": {
    "message": "Unexpected server error. Check server logs for details.",
    "ref": "err_b162b354"
  }
}
===== ANALYST longcat 2026-09-18 06:04:53 UTC =====
[91m[1mError: [0m{
  "name": "UnknownError",
  "data": {
    "message": "Unexpected server error. Check server logs for details.",
    "ref": "err_754a0f49"
  }
}
===== ANALYST longcat 2026-09-18 11:31:14 UTC =====
[91m[1mError: [0m{
  "name": "UnknownError",
  "data": {
    "message": "Unexpected server error. Check server logs for details.",
    "ref": "err_f9ee2dbe"
  }
}
===== ANALYST longcat 2026-09-18 15:14:00 UTC =====
[91m[1mError: [0m{
  "name": "UnknownError",
  "data": {
    "message": "Unexpected server error. Check server logs for details.",
    "ref": "err_cf27aea6"
  }
}
===== ANALYST longcat 2026-09-18 18:46:25 UTC =====
[91m[1mError: [0m{
  "name": "UnknownError",
  "data": {
    "message": "Unexpected server error. Check server logs for details.",
    "ref": "err_eac26178"
  }
}
===== ANALYST longcat 2026-09-18 21:20:16 UTC =====
[91m[1mError: [0m{
  "name": "UnknownError",
  "data": {
    "message": "Unexpected server error. Check server logs for details.",
    "ref": "err_67ede7d4"
  }
}
===== ANALYST longcat 2026-09-18 23:27:09 UTC =====
[91m[1mError: [0m{
  "name": "UnknownError",
  "data": {
    "message": "Unexpected server error. Check server logs for details.",
    "ref": "err_54e5b54a"
  }
}
===== ANALYST longcat 2026-09-19 01:41:27 UTC =====
[91m[1mError: [0m{
  "name": "UnknownError",
  "data": {
    "message": "Unexpected server error. Check server logs for details.",
    "ref": "err_81e67746"
  }
}
===== ANALYST longcat 2026-09-19 06:39:33 UTC =====
[91m[1mError: [0m{
  "name": "UnknownError",
  "data": {
    "message": "Unexpected server error. Check server logs for details.",
    "ref": "err_256cfc86"
  }
}
===== ANALYST longcat 2026-09-19 11:36:14 UTC =====
[91m[1mError: [0m{
  "name": "UnknownError",
  "data": {
    "message": "Unexpected server error. Check server logs for details.",
    "ref": "err_7fcce044"
  }
}
===== ANALYST longcat 2026-09-19 14:52:04 UTC =====
[91m[1mError: [0m{
  "name": "UnknownError",
  "data": {
    "message": "Unexpected server error. Check server logs for details.",
    "ref": "err_2593f9f6"
  }
}
===== ANALYST longcat 2026-09-19 17:55:23 UTC =====
[91m[1mError: [0m{
  "name": "UnknownError",
  "data": {
    "message": "Unexpected server error. Check server logs for details.",
    "ref": "err_1e3bee2c"
  }
}
===== ANALYST longcat 2026-09-19 20:26:57 UTC =====
[91m[1mError: [0m{
  "name": "UnknownError",
  "data": {
    "message": "Unexpected server error. Check server logs for details.",
    "ref": "err_69aaf180"
  }
}
===== ANALYST longcat 2026-09-19 22:30:58 UTC =====
[91m[1mError: [0m{
  "name": "UnknownError",
  "data": {
    "message": "Unexpected server error. Check server logs for details.",
    "ref": "err_c051a828"
  }
}
===== ANALYST longcat 2026-09-20 00:25:22 UTC =====
[91m[1mError: [0m{
  "name": "UnknownError",
  "data": {
    "message": "Unexpected server error. Check server logs for details.",
    "ref": "err_a05d006f"
  }
}
===== ANALYST longcat 2026-09-20 05:26:54 UTC =====
[91m[1mError: [0m{
  "name": "UnknownError",
  "data": {
    "message": "Unexpected server error. Check server logs for details.",
    "ref": "err_17b9455e"
  }
}
===== ANALYST longcat 2026-09-20 10:10:22 UTC =====
[91m[1mError: [0m{
  "name": "UnknownError",
  "data": {
    "message": "Unexpected server error. Check server logs for details.",
    "ref": "err_d0c8be36"
  }
}
===== ANALYST longcat 2026-09-20 14:21:29 UTC =====
[91m[1mError: [0m{
  "name": "UnknownError",
  "data": {
    "message": "Unexpected server error. Check server logs for details.",
    "ref": "err_35370c6c"
  }
}
===== ANALYST longcat 2026-09-20 17:37:13 UTC =====
[91m[1mError: [0m{
  "name": "UnknownError",
  "data": {
    "message": "Unexpected server error. Check server logs for details.",
    "ref": "err_1bdcb98e"
  }
}
===== ANALYST longcat 2026-09-20 19:48:26 UTC =====
[91m[1mError: [0m{
  "name": "UnknownError",
  "data": {
    "message": "Unexpected server error. Check server logs for details.",
    "ref": "err_eaafdb9f"
  }
}
===== ANALYST longcat 2026-09-20 22:22:02 UTC =====
[91m[1mError: [0m{
  "name": "UnknownError",
  "data": {
    "message": "Unexpected server error. Check server logs for details.",
    "ref": "err_9929b089"
  }
}
===== ANALYST longcat 2026-09-21 00:22:20 UTC =====
[91m[1mError: [0m{
  "name": "UnknownError",
  "data": {
    "message": "Unexpected server error. Check server logs for details.",
    "ref": "err_371acca5"
  }
}
===== ANALYST longcat 2026-09-21 05:14:16 UTC =====
[91m[1mError: [0m{
  "name": "UnknownError",
  "data": {
    "message": "Unexpected server error. Check server logs for details.",
    "ref": "err_899f038d"
  }
}
===== ANALYST longcat 2026-09-21 10:57:13 UTC =====
[91m[1mError: [0m{
  "name": "UnknownError",
  "data": {
    "message": "Unexpected server error. Check server logs for details.",
    "ref": "err_92fa930b"
  }
}
===== ANALYST longcat 2026-09-21 16:59:25 UTC =====
[91m[1mError: [0m{
  "name": "UnknownError",
  "data": {
    "message": "Unexpected server error. Check server logs for details.",
    "ref": "err_c8391380"
  }
}
===== ANALYST longcat 2026-09-21 20:58:35 UTC =====
[91m[1mError: [0m{
  "name": "UnknownError",
  "data": {
    "message": "Unexpected server error. Check server logs for details.",
    "ref": "err_1e58642b"
  }
}
===== ANALYST longcat 2026-09-22 00:01:27 UTC =====
[91m[1mError: [0m{
  "name": "UnknownError",
  "data": {
    "message": "Unexpected server error. Check server logs for details.",
    "ref": "err_6e8771ca"
  }
}
===== ANALYST longcat 2026-09-22 04:45:23 UTC =====
[91m[1mError: [0m{
  "name": "UnknownError",
  "data": {
    "message": "Unexpected server error. Check server logs for details.",
    "ref": "err_3501bff8"
  }
}
