===== ANALYST ling3 2026-09-03 17:25:51 UTC =====
[91m[1mError: [0m{
  "name": "UnknownError",
  "data": {
    "message": "Unexpected server error. Check server logs for details.",
    "ref": "err_8a15ace6"
  }
}
===== ANALYST ling3 2026-09-03 19:59:04 UTC =====
[91m[1mError: [0m{
  "name": "UnknownError",
  "data": {
    "message": "Unexpected server error. Check server logs for details.",
    "ref": "err_14b985e0"
  }
}
===== ANALYST ling3 2026-09-03 22:32:22 UTC =====
[91m[1mError: [0m{
  "name": "UnknownError",
  "data": {
    "message": "Unexpected server error. Check server logs for details.",
    "ref": "err_d6ef4663"
  }
}
===== ANALYST ling3 2026-09-04 00:36:06 UTC =====
[91m[1mError: [0m{
  "name": "UnknownError",
  "data": {
    "message": "Unexpected server error. Check server logs for details.",
    "ref": "err_989c3927"
  }
}
===== ANALYST ling3 2026-09-04 05:12:55 UTC =====
[91m[1mError: [0m{
  "name": "UnknownError",
  "data": {
    "message": "Unexpected server error. Check server logs for details.",
    "ref": "err_cc122255"
  }
}
===== ANALYST ling3 2026-09-04 09:55:16 UTC =====
[91m[1mError: [0m{
  "name": "UnknownError",
  "data": {
    "message": "Unexpected server error. Check server logs for details.",
    "ref": "err_2a3b0c38"
  }
}
===== ANALYST ling3 2026-09-04 14:14:31 UTC =====
[91m[1mError: [0m{
  "name": "UnknownError",
  "data": {
    "message": "Unexpected server error. Check server logs for details.",
    "ref": "err_ac897b04"
  }
}
===== ANALYST ling3 2026-09-04 17:50:13 UTC =====
[91m[1mError: [0m{
  "name": "UnknownError",
  "data": {
    "message": "Unexpected server error. Check server logs for details.",
    "ref": "err_9e165301"
  }
}
===== ANALYST ling3 2026-09-04 20:02:49 UTC =====
[91m[1mError: [0m{
  "name": "UnknownError",
  "data": {
    "message": "Unexpected server error. Check server logs for details.",
    "ref": "err_8abbbb70"
  }
}
===== ANALYST ling3 2026-09-04 22:20:56 UTC =====
[91m[1mError: [0m{
  "name": "UnknownError",
  "data": {
    "message": "Unexpected server error. Check server logs for details.",
    "ref": "err_d70a8b93"
  }
}
===== ANALYST ling3 2026-09-05 00:24:44 UTC =====
[91m[1mError: [0m{
  "name": "UnknownError",
  "data": {
    "message": "Unexpected server error. Check server logs for details.",
    "ref": "err_d80b66e1"
  }
}
===== ANALYST ling3 2026-09-05 04:44:37 UTC =====
[91m[1mError: [0m{
  "name": "UnknownError",
  "data": {
    "message": "Unexpected server error. Check server logs for details.",
    "ref": "err_d7821e76"
  }
}
===== ANALYST ling3 2026-09-05 08:45:15 UTC =====
[91m[1mError: [0m{
  "name": "UnknownError",
  "data": {
    "message": "Unexpected server error. Check server logs for details.",
    "ref": "err_6a159525"
  }
}
===== ANALYST ling3 2026-09-05 12:10:03 UTC =====
[91m[1mError: [0m{
  "name": "UnknownError",
  "data": {
    "message": "Unexpected server error. Check server logs for details.",
    "ref": "err_ad8230d6"
  }
}
===== ANALYST ling3 2026-09-05 15:31:08 UTC =====
[91m[1mError: [0m{
  "name": "UnknownError",
  "data": {
    "message": "Unexpected server error. Check server logs for details.",
    "ref": "err_625b01cb"
  }
}
===== ANALYST ling3 2026-09-05 17:52:35 UTC =====
[91m[1mError: [0m{
  "name": "UnknownError",
  "data": {
    "message": "Unexpected server error. Check server logs for details.",
    "ref": "err_475b6e36"
  }
}
===== ANALYST ling3 2026-09-05 19:34:42 UTC =====
[91m[1mError: [0m{
  "name": "UnknownError",
  "data": {
    "message": "Unexpected server error. Check server logs for details.",
    "ref": "err_d556103a"
  }
}
===== ANALYST ling3 2026-09-05 21:50:26 UTC =====
[91m[1mError: [0m{
  "name": "UnknownError",
  "data": {
    "message": "Unexpected server error. Check server logs for details.",
    "ref": "err_e0176e54"
  }
}
===== ANALYST ling3 2026-09-05 23:45:33 UTC =====
[91m[1mError: [0m{
  "name": "UnknownError",
  "data": {
    "message": "Unexpected server error. Check server logs for details.",
    "ref": "err_f766d5c2"
  }
}
===== ANALYST ling3 2026-09-06 04:05:10 UTC =====
[91m[1mError: [0m{
  "name": "UnknownError",
  "data": {
    "message": "Unexpected server error. Check server logs for details.",
    "ref": "err_5f9352bf"
  }
}
===== ANALYST ling3 2026-09-06 08:47:51 UTC =====
[91m[1mError: [0m{
  "name": "UnknownError",
  "data": {
    "message": "Unexpected server error. Check server logs for details.",
    "ref": "err_0dd21d6b"
  }
}
===== ANALYST ling3 2026-09-06 12:51:50 UTC =====
[91m[1mError: [0m{
  "name": "UnknownError",
  "data": {
    "message": "Unexpected server error. Check server logs for details.",
    "ref": "err_1483555b"
  }
}
===== ANALYST ling3 2026-09-06 16:26:36 UTC =====
[91m[1mError: [0m{
  "name": "UnknownError",
  "data": {
    "message": "Unexpected server error. Check server logs for details.",
    "ref": "err_0c718a15"
  }
}
===== ANALYST ling3 2026-09-06 18:44:57 UTC =====
[91m[1mError: [0m{
  "name": "UnknownError",
  "data": {
    "message": "Unexpected server error. Check server logs for details.",
    "ref": "err_107775e9"
  }
}
===== ANALYST ling3 2026-09-06 20:56:58 UTC =====
[91m[1mError: [0m{
  "name": "UnknownError",
  "data": {
    "message": "Unexpected server error. Check server logs for details.",
    "ref": "err_d129ab4f"
  }
}
===== ANALYST ling3 2026-09-06 22:52:02 UTC =====
[91m[1mError: [0m{
  "name": "UnknownError",
  "data": {
    "message": "Unexpected server error. Check server logs for details.",
    "ref": "err_bda45f79"
  }
}
===== ANALYST ling3 2026-09-07 00:55:00 UTC =====
[91m[1mError: [0m{
  "name": "UnknownError",
  "data": {
    "message": "Unexpected server error. Check server logs for details.",
    "ref": "err_e9e7c729"
  }
}
===== ANALYST ling3 2026-09-07 05:57:20 UTC =====
[91m[1mError: [0m{
  "name": "UnknownError",
  "data": {
    "message": "Unexpected server error. Check server logs for details.",
    "ref": "err_88a3e7f6"
  }
}
===== ANALYST ling3 2026-09-07 12:11:41 UTC =====
[91m[1mError: [0m{
  "name": "UnknownError",
  "data": {
    "message": "Unexpected server error. Check server logs for details.",
    "ref": "err_825f71c3"
  }
}
===== ANALYST ling3 2026-09-07 17:55:54 UTC =====
[91m[1mError: [0m{
  "name": "UnknownError",
  "data": {
    "message": "Unexpected server error. Check server logs for details.",
    "ref": "err_79e4cf46"
  }
}
===== ANALYST ling3 2026-09-07 21:29:12 UTC =====
[91m[1mError: [0m{
  "name": "UnknownError",
  "data": {
    "message": "Unexpected server error. Check server logs for details.",
    "ref": "err_50cb2d56"
  }
}
===== ANALYST ling3 2026-09-07 23:51:38 UTC =====
[91m[1mError: [0m{
  "name": "UnknownError",
  "data": {
    "message": "Unexpected server error. Check server logs for details.",
    "ref": "err_3dcd7190"
  }
}
===== ANALYST ling3 2026-09-08 04:14:51 UTC =====
[91m[1mError: [0m{
  "name": "UnknownError",
  "data": {
    "message": "Unexpected server error. Check server logs for details.",
    "ref": "err_cbfc4453"
  }
}
===== ANALYST ling3 2026-09-08 09:15:48 UTC =====
[91m[1mError: [0m{
  "name": "UnknownError",
  "data": {
    "message": "Unexpected server error. Check server logs for details.",
    "ref": "err_dfee2ea4"
  }
}
===== ANALYST ling3 2026-09-08 13:37:57 UTC =====
[91m[1mError: [0m{
  "name": "UnknownError",
  "data": {
    "message": "Unexpected server error. Check server logs for details.",
    "ref": "err_3a491483"
  }
}
===== ANALYST ling3 2026-09-08 17:50:37 UTC =====
[91m[1mError: [0m{
  "name": "UnknownError",
  "data": {
    "message": "Unexpected server error. Check server logs for details.",
    "ref": "err_9f453064"
  }
}
===== ANALYST ling3 2026-09-08 20:29:13 UTC =====
[91m[1mError: [0m{
  "name": "UnknownError",
  "data": {
    "message": "Unexpected server error. Check server logs for details.",
    "ref": "err_df8099a0"
  }
}
===== ANALYST ling3 2026-09-08 22:49:04 UTC =====
[91m[1mError: [0m{
  "name": "UnknownError",
  "data": {
    "message": "Unexpected server error. Check server logs for details.",
    "ref": "err_e70588eb"
  }
}
===== ANALYST ling3 2026-09-09 01:11:32 UTC =====
[91m[1mError: [0m{
  "name": "UnknownError",
  "data": {
    "message": "Unexpected server error. Check server logs for details.",
    "ref": "err_bd6efcaf"
  }
}
===== ANALYST ling3 2026-09-09 06:13:32 UTC =====
[91m[1mError: [0m{
  "name": "UnknownError",
  "data": {
    "message": "Unexpected server error. Check server logs for details.",
    "ref": "err_a265b421"
  }
}
===== ANALYST ling3 2026-09-09 11:46:32 UTC =====
[91m[1mError: [0m{
  "name": "UnknownError",
  "data": {
    "message": "Unexpected server error. Check server logs for details.",
    "ref": "err_9cf17664"
  }
}
===== ANALYST ling3 2026-09-09 15:37:47 UTC =====
[91m[1mError: [0m{
  "name": "UnknownError",
  "data": {
    "message": "Unexpected server error. Check server logs for details.",
    "ref": "err_fee39d5e"
  }
}
===== ANALYST ling3 2026-09-09 18:47:49 UTC =====
[91m[1mError: [0m{
  "name": "UnknownError",
  "data": {
    "message": "Unexpected server error. Check server logs for details.",
    "ref": "err_29e0d47c"
  }
}
===== ANALYST ling3 2026-09-09 21:38:34 UTC =====
[91m[1mError: [0m{
  "name": "UnknownError",
  "data": {
    "message": "Unexpected server error. Check server logs for details.",
    "ref": "err_f8853043"
  }
}
===== ANALYST ling3 2026-09-09 23:34:19 UTC =====
[91m[1mError: [0m{
  "name": "UnknownError",
  "data": {
    "message": "Unexpected server error. Check server logs for details.",
    "ref": "err_b6c6a8bc"
  }
}
===== ANALYST ling3 2026-09-10 01:33:10 UTC =====
[91m[1mError: [0m{
  "name": "UnknownError",
  "data": {
    "message": "Unexpected server error. Check server logs for details.",
    "ref": "err_c8e1c17c"
  }
}
===== ANALYST ling3 2026-09-10 06:44:55 UTC =====
[91m[1mError: [0m{
  "name": "UnknownError",
  "data": {
    "message": "Unexpected server error. Check server logs for details.",
    "ref": "err_925b023f"
  }
}
===== ANALYST ling3 2026-09-10 12:07:09 UTC =====
[91m[1mError: [0m{
  "name": "UnknownError",
  "data": {
    "message": "Unexpected server error. Check server logs for details.",
    "ref": "err_ac82297d"
  }
}
===== ANALYST ling3 2026-09-10 16:22:36 UTC =====
[91m[1mError: [0m{
  "name": "UnknownError",
  "data": {
    "message": "Unexpected server error. Check server logs for details.",
    "ref": "err_f4b4d231"
  }
}
===== ANALYST ling3 2026-09-10 19:14:06 UTC =====
[91m[1mError: [0m{
  "name": "UnknownError",
  "data": {
    "message": "Unexpected server error. Check server logs for details.",
    "ref": "err_74f8dd52"
  }
}
===== ANALYST ling3 2026-09-10 21:46:22 UTC =====
[91m[1mError: [0m{
  "name": "UnknownError",
  "data": {
    "message": "Unexpected server error. Check server logs for details.",
    "ref": "err_960c24ea"
  }
}
===== ANALYST ling3 2026-09-10 23:58:15 UTC =====
[91m[1mError: [0m{
  "name": "UnknownError",
  "data": {
    "message": "Unexpected server error. Check server logs for details.",
    "ref": "err_bc9ec8aa"
  }
}
===== ANALYST ling3 2026-09-11 04:24:46 UTC =====
[91m[1mError: [0m{
  "name": "UnknownError",
  "data": {
    "message": "Unexpected server error. Check server logs for details.",
    "ref": "err_4e85cf4f"
  }
}
===== ANALYST ling3 2026-09-11 09:18:33 UTC =====
[91m[1mError: [0m{
  "name": "UnknownError",
  "data": {
    "message": "Unexpected server error. Check server logs for details.",
    "ref": "err_ce1a89ae"
  }
}
===== ANALYST ling3 2026-09-11 13:49:05 UTC =====
[91m[1mError: [0m{
  "name": "UnknownError",
  "data": {
    "message": "Unexpected server error. Check server logs for details.",
    "ref": "err_60cb0f70"
  }
}
===== ANALYST ling3 2026-09-11 17:17:51 UTC =====
[91m[1mError: [0m{
  "name": "UnknownError",
  "data": {
    "message": "Unexpected server error. Check server logs for details.",
    "ref": "err_3542b108"
  }
}
===== ANALYST ling3 2026-09-11 19:56:11 UTC =====
[91m[1mError: [0m{
  "name": "UnknownError",
  "data": {
    "message": "Unexpected server error. Check server logs for details.",
    "ref": "err_08f58ed8"
  }
}
===== ANALYST ling3 2026-09-11 22:25:39 UTC =====
[91m[1mError: [0m{
  "name": "UnknownError",
  "data": {
    "message": "Unexpected server error. Check server logs for details.",
    "ref": "err_79bac6de"
  }
}
===== ANALYST ling3 2026-09-12 00:40:16 UTC =====
[91m[1mError: [0m{
  "name": "UnknownError",
  "data": {
    "message": "Unexpected server error. Check server logs for details.",
    "ref": "err_ae0cd5d0"
  }
}
===== ANALYST ling3 2026-09-12 05:10:29 UTC =====
[91m[1mError: [0m{
  "name": "UnknownError",
  "data": {
    "message": "Unexpected server error. Check server logs for details.",
    "ref": "err_18c7e2fc"
  }
}
===== ANALYST ling3 2026-09-12 09:33:14 UTC =====
[91m[1mError: [0m{
  "name": "UnknownError",
  "data": {
    "message": "Unexpected server error. Check server logs for details.",
    "ref": "err_cbc8eabe"
  }
}
===== ANALYST ling3 2026-09-12 13:18:33 UTC =====
[91m[1mError: [0m{
  "name": "UnknownError",
  "data": {
    "message": "Unexpected server error. Check server logs for details.",
    "ref": "err_837e8c6b"
  }
}
===== ANALYST ling3 2026-09-12 16:36:30 UTC =====
[91m[1mError: [0m{
  "name": "UnknownError",
  "data": {
    "message": "Unexpected server error. Check server logs for details.",
    "ref": "err_98b1b08b"
  }
}
===== ANALYST ling3 2026-09-12 18:51:51 UTC =====
[91m[1mError: [0m{
  "name": "UnknownError",
  "data": {
    "message": "Unexpected server error. Check server logs for details.",
    "ref": "err_84785e1a"
  }
}
===== ANALYST ling3 2026-09-12 21:25:02 UTC =====
[91m[1mError: [0m{
  "name": "UnknownError",
  "data": {
    "message": "Unexpected server error. Check server logs for details.",
    "ref": "err_16ff0932"
  }
}
===== ANALYST ling3 2026-09-12 23:10:23 UTC =====
[91m[1mError: [0m{
  "name": "UnknownError",
  "data": {
    "message": "Unexpected server error. Check server logs for details.",
    "ref": "err_0057bb72"
  }
}
===== ANALYST ling3 2026-09-13 01:13:59 UTC =====
[91m[1mError: [0m{
  "name": "UnknownError",
  "data": {
    "message": "Unexpected server error. Check server logs for details.",
    "ref": "err_9a68c2b2"
  }
}
===== ANALYST ling3 2026-09-13 06:24:11 UTC =====
[91m[1mError: [0m{
  "name": "UnknownError",
  "data": {
    "message": "Unexpected server error. Check server logs for details.",
    "ref": "err_532cfbf1"
  }
}
===== ANALYST ling3 2026-09-13 12:11:17 UTC =====
[91m[1mError: [0m{
  "name": "UnknownError",
  "data": {
    "message": "Unexpected server error. Check server logs for details.",
    "ref": "err_271c5426"
  }
}
===== ANALYST ling3 2026-09-13 16:33:31 UTC =====
[91m[1mError: [0m{
  "name": "UnknownError",
  "data": {
    "message": "Unexpected server error. Check server logs for details.",
    "ref": "err_146a0fee"
  }
}
===== ANALYST ling3 2026-09-13 19:04:26 UTC =====
[91m[1mError: [0m{
  "name": "UnknownError",
  "data": {
    "message": "Unexpected server error. Check server logs for details.",
    "ref": "err_2ea95798"
  }
}
===== ANALYST ling3 2026-09-13 21:26:26 UTC =====
[91m[1mError: [0m{
  "name": "UnknownError",
  "data": {
    "message": "Unexpected server error. Check server logs for details.",
    "ref": "err_a71e74a3"
  }
}
===== ANALYST ling3 2026-09-13 23:33:52 UTC =====
[91m[1mError: [0m{
  "name": "UnknownError",
  "data": {
    "message": "Unexpected server error. Check server logs for details.",
    "ref": "err_4a7aeb10"
  }
}
===== ANALYST ling3 2026-09-14 01:46:00 UTC =====
[91m[1mError: [0m{
  "name": "UnknownError",
  "data": {
    "message": "Unexpected server error. Check server logs for details.",
    "ref": "err_38a8fea5"
  }
}
===== ANALYST ling3 2026-09-14 07:16:52 UTC =====
[91m[1mError: [0m{
  "name": "UnknownError",
  "data": {
    "message": "Unexpected server error. Check server logs for details.",
    "ref": "err_b8fe1dc1"
  }
}
===== ANALYST ling3 2026-09-14 14:33:09 UTC =====
[91m[1mError: [0m{
  "name": "UnknownError",
  "data": {
    "message": "Unexpected server error. Check server logs for details.",
    "ref": "err_ddb054ff"
  }
}
===== ANALYST ling3 2026-09-14 19:39:05 UTC =====
[91m[1mError: [0m{
  "name": "UnknownError",
  "data": {
    "message": "Unexpected server error. Check server logs for details.",
    "ref": "err_bcb25782"
  }
}
===== ANALYST ling3 2026-09-14 22:48:32 UTC =====
[91m[1mError: [0m{
  "name": "UnknownError",
  "data": {
    "message": "Unexpected server error. Check server logs for details.",
    "ref": "err_c3460b15"
  }
}
===== ANALYST ling3 2026-09-15 01:21:50 UTC =====
[91m[1mError: [0m{
  "name": "UnknownError",
  "data": {
    "message": "Unexpected server error. Check server logs for details.",
    "ref": "err_6b3e800e"
  }
}
===== ANALYST ling3 2026-09-15 06:35:54 UTC =====
[91m[1mError: [0m{
  "name": "UnknownError",
  "data": {
    "message": "Unexpected server error. Check server logs for details.",
    "ref": "err_e5170775"
  }
}
===== ANALYST ling3 2026-09-15 12:02:32 UTC =====
[91m[1mError: [0m{
  "name": "UnknownError",
  "data": {
    "message": "Unexpected server error. Check server logs for details.",
    "ref": "err_e52cbdf9"
  }
}
===== ANALYST ling3 2026-09-15 16:58:00 UTC =====
[91m[1mError: [0m{
  "name": "UnknownError",
  "data": {
    "message": "Unexpected server error. Check server logs for details.",
    "ref": "err_2a870e43"
  }
}
===== ANALYST ling3 2026-09-15 20:12:57 UTC =====
[91m[1mError: [0m{
  "name": "UnknownError",
  "data": {
    "message": "Unexpected server error. Check server logs for details.",
    "ref": "err_f9bec146"
  }
}
===== ANALYST ling3 2026-09-15 23:00:54 UTC =====
[91m[1mError: [0m{
  "name": "UnknownError",
  "data": {
    "message": "Unexpected server error. Check server logs for details.",
    "ref": "err_e8be0d9d"
  }
}
===== ANALYST ling3 2026-09-16 01:20:24 UTC =====
[91m[1mError: [0m{
  "name": "UnknownError",
  "data": {
    "message": "Unexpected server error. Check server logs for details.",
    "ref": "err_57d76795"
  }
}
===== ANALYST ling3 2026-09-16 06:22:48 UTC =====
[91m[1mError: [0m{
  "name": "UnknownError",
  "data": {
    "message": "Unexpected server error. Check server logs for details.",
    "ref": "err_d85e854b"
  }
}
===== ANALYST ling3 2026-09-16 11:52:57 UTC =====
[91m[1mError: [0m{
  "name": "UnknownError",
  "data": {
    "message": "Unexpected server error. Check server logs for details.",
    "ref": "err_2f72c8a6"
  }
}
===== ANALYST ling3 2026-09-16 16:42:31 UTC =====
[91m[1mError: [0m{
  "name": "UnknownError",
  "data": {
    "message": "Unexpected server error. Check server logs for details.",
    "ref": "err_195629a7"
  }
}
===== ANALYST ling3 2026-09-16 20:04:07 UTC =====
[91m[1mError: [0m{
  "name": "UnknownError",
  "data": {
    "message": "Unexpected server error. Check server logs for details.",
    "ref": "err_36148e8d"
  }
}
===== ANALYST ling3 2026-09-16 22:49:50 UTC =====
[91m[1mError: [0m{
  "name": "UnknownError",
  "data": {
    "message": "Unexpected server error. Check server logs for details.",
    "ref": "err_a0859552"
  }
}
===== ANALYST ling3 2026-09-17 01:15:26 UTC =====
[91m[1mError: [0m{
  "name": "UnknownError",
  "data": {
    "message": "Unexpected server error. Check server logs for details.",
    "ref": "err_b9eec9e5"
  }
}
===== ANALYST ling3 2026-09-17 06:16:54 UTC =====
[91m[1mError: [0m{
  "name": "UnknownError",
  "data": {
    "message": "Unexpected server error. Check server logs for details.",
    "ref": "err_d3b8e241"
  }
}
===== ANALYST ling3 2026-09-17 11:57:39 UTC =====
[91m[1mError: [0m{
  "name": "UnknownError",
  "data": {
    "message": "Unexpected server error. Check server logs for details.",
    "ref": "err_61c4528c"
  }
}
===== ANALYST ling3 2026-09-17 16:44:07 UTC =====
[91m[1mError: [0m{
  "name": "UnknownError",
  "data": {
    "message": "Unexpected server error. Check server logs for details.",
    "ref": "err_f4986c62"
  }
}
===== ANALYST ling3 2026-09-17 20:09:33 UTC =====
[91m[1mError: [0m{
  "name": "UnknownError",
  "data": {
    "message": "Unexpected server error. Check server logs for details.",
    "ref": "err_c39e8032"
  }
}
===== ANALYST ling3 2026-09-17 22:56:45 UTC =====
[91m[1mError: [0m{
  "name": "UnknownError",
  "data": {
    "message": "Unexpected server error. Check server logs for details.",
    "ref": "err_4f20178d"
  }
}
===== ANALYST ling3 2026-09-18 01:11:21 UTC =====
[91m[1mError: [0m{
  "name": "UnknownError",
  "data": {
    "message": "Unexpected server error. Check server logs for details.",
    "ref": "err_4355980d"
  }
}
===== ANALYST ling3 2026-09-18 06:04:53 UTC =====
[91m[1mError: [0m{
  "name": "UnknownError",
  "data": {
    "message": "Unexpected server error. Check server logs for details.",
    "ref": "err_448490dc"
  }
}
===== ANALYST ling3 2026-09-18 11:31:14 UTC =====
[91m[1mError: [0m{
  "name": "UnknownError",
  "data": {
    "message": "Unexpected server error. Check server logs for details.",
    "ref": "err_11b007cd"
  }
}
===== ANALYST ling3 2026-09-18 15:14:00 UTC =====
[91m[1mError: [0m{
  "name": "UnknownError",
  "data": {
    "message": "Unexpected server error. Check server logs for details.",
    "ref": "err_95547d60"
  }
}
===== ANALYST ling3 2026-09-18 18:46:25 UTC =====
[91m[1mError: [0m{
  "name": "UnknownError",
  "data": {
    "message": "Unexpected server error. Check server logs for details.",
    "ref": "err_aacee520"
  }
}
===== ANALYST ling3 2026-09-18 21:20:16 UTC =====
[91m[1mError: [0m{
  "name": "UnknownError",
  "data": {
    "message": "Unexpected server error. Check server logs for details.",
    "ref": "err_f73c6970"
  }
}
===== ANALYST ling3 2026-09-18 23:27:09 UTC =====
[91m[1mError: [0m{
  "name": "UnknownError",
  "data": {
    "message": "Unexpected server error. Check server logs for details.",
    "ref": "err_dfca5f05"
  }
}
===== ANALYST ling3 2026-09-19 01:41:27 UTC =====
[91m[1mError: [0m{
  "name": "UnknownError",
  "data": {
    "message": "Unexpected server error. Check server logs for details.",
    "ref": "err_5ae0b4cc"
  }
}
===== ANALYST ling3 2026-09-19 06:39:33 UTC =====
[91m[1mError: [0m{
  "name": "UnknownError",
  "data": {
    "message": "Unexpected server error. Check server logs for details.",
    "ref": "err_03ed6f0e"
  }
}
===== ANALYST ling3 2026-09-19 11:36:14 UTC =====
[91m[1mError: [0m{
  "name": "UnknownError",
  "data": {
    "message": "Unexpected server error. Check server logs for details.",
    "ref": "err_7b8bd7ea"
  }
}
===== ANALYST ling3 2026-09-19 14:52:04 UTC =====
[91m[1mError: [0m{
  "name": "UnknownError",
  "data": {
    "message": "Unexpected server error. Check server logs for details.",
    "ref": "err_42af9f1b"
  }
}
===== ANALYST ling3 2026-09-19 17:55:23 UTC =====
[91m[1mError: [0m{
  "name": "UnknownError",
  "data": {
    "message": "Unexpected server error. Check server logs for details.",
    "ref": "err_cf25d06c"
  }
}
===== ANALYST ling3 2026-09-19 20:26:57 UTC =====
[91m[1mError: [0m{
  "name": "UnknownError",
  "data": {
    "message": "Unexpected server error. Check server logs for details.",
    "ref": "err_f1f409e4"
  }
}
===== ANALYST ling3 2026-09-19 22:30:58 UTC =====
[91m[1mError: [0m{
  "name": "UnknownError",
  "data": {
    "message": "Unexpected server error. Check server logs for details.",
    "ref": "err_45cf778c"
  }
}
===== ANALYST ling3 2026-09-20 00:25:22 UTC =====
[91m[1mError: [0m{
  "name": "UnknownError",
  "data": {
    "message": "Unexpected server error. Check server logs for details.",
    "ref": "err_be42956c"
  }
}
===== ANALYST ling3 2026-09-20 05:26:54 UTC =====
[91m[1mError: [0m{
  "name": "UnknownError",
  "data": {
    "message": "Unexpected server error. Check server logs for details.",
    "ref": "err_5f5b8911"
  }
}
===== ANALYST ling3 2026-09-20 10:10:22 UTC =====
[91m[1mError: [0m{
  "name": "UnknownError",
  "data": {
    "message": "Unexpected server error. Check server logs for details.",
    "ref": "err_3d09c90d"
  }
}
===== ANALYST ling3 2026-09-20 14:21:29 UTC =====
[91m[1mError: [0m{
  "name": "UnknownError",
  "data": {
    "message": "Unexpected server error. Check server logs for details.",
    "ref": "err_89100b53"
  }
}
===== ANALYST ling3 2026-09-20 17:37:13 UTC =====
[91m[1mError: [0m{
  "name": "UnknownError",
  "data": {
    "message": "Unexpected server error. Check server logs for details.",
    "ref": "err_68d168a2"
  }
}
===== ANALYST ling3 2026-09-20 19:48:26 UTC =====
[91m[1mError: [0m{
  "name": "UnknownError",
  "data": {
    "message": "Unexpected server error. Check server logs for details.",
    "ref": "err_0cbf78fe"
  }
}
===== ANALYST ling3 2026-09-20 22:22:02 UTC =====
[91m[1mError: [0m{
  "name": "UnknownError",
  "data": {
    "message": "Unexpected server error. Check server logs for details.",
    "ref": "err_e7ef60eb"
  }
}
===== ANALYST ling3 2026-09-21 00:22:20 UTC =====
[91m[1mError: [0m{
  "name": "UnknownError",
  "data": {
    "message": "Unexpected server error. Check server logs for details.",
    "ref": "err_3f52c61b"
  }
}
===== ANALYST ling3 2026-09-21 05:14:16 UTC =====
[91m[1mError: [0m{
  "name": "UnknownError",
  "data": {
    "message": "Unexpected server error. Check server logs for details.",
    "ref": "err_40ac14c3"
  }
}
===== ANALYST ling3 2026-09-21 10:57:13 UTC =====
[91m[1mError: [0m{
  "name": "UnknownError",
  "data": {
    "message": "Unexpected server error. Check server logs for details.",
    "ref": "err_61544462"
  }
}
===== ANALYST ling3 2026-09-21 16:59:25 UTC =====
[91m[1mError: [0m{
  "name": "UnknownError",
  "data": {
    "message": "Unexpected server error. Check server logs for details.",
    "ref": "err_ab99203a"
  }
}
===== ANALYST ling3 2026-09-21 20:58:35 UTC =====
[91m[1mError: [0m{
  "name": "UnknownError",
  "data": {
    "message": "Unexpected server error. Check server logs for details.",
    "ref": "err_38ff73bb"
  }
}
===== ANALYST ling3 2026-09-22 00:01:27 UTC =====
[91m[1mError: [0m{
  "name": "UnknownError",
  "data": {
    "message": "Unexpected server error. Check server logs for details.",
    "ref": "err_13deea99"
  }
}
===== ANALYST ling3 2026-09-22 04:45:23 UTC =====
[91m[1mError: [0m{
  "name": "UnknownError",
  "data": {
    "message": "Unexpected server error. Check server logs for details.",
    "ref": "err_1c2a315f"
  }
}
===== ANALYST ling3 2026-09-22 09:50:56 UTC =====
[91m[1mError: [0m{
  "name": "UnknownError",
  "data": {
    "message": "Unexpected server error. Check server logs for details.",
    "ref": "err_7845c56c"
  }
}
===== ANALYST ling3 2026-09-22 14:36:38 UTC =====
[91m[1mError: [0m{
  "name": "UnknownError",
  "data": {
    "message": "Unexpected server error. Check server logs for details.",
    "ref": "err_0f32342a"
  }
}
===== ANALYST ling3 2026-09-22 18:18:54 UTC =====
[91m[1mError: [0m{
  "name": "UnknownError",
  "data": {
    "message": "Unexpected server error. Check server logs for details.",
    "ref": "err_d9c443d4"
  }
}
===== ANALYST ling3 2026-09-22 21:30:15 UTC =====
[91m[1mError: [0m{
  "name": "UnknownError",
  "data": {
    "message": "Unexpected server error. Check server logs for details.",
    "ref": "err_c2e834bf"
  }
}
===== ANALYST ling3 2026-09-22 23:51:17 UTC =====
[91m[1mError: [0m{
  "name": "UnknownError",
  "data": {
    "message": "Unexpected server error. Check server logs for details.",
    "ref": "err_9bb7247b"
  }
}
===== ANALYST ling3 2026-09-23 04:17:41 UTC =====
[91m[1mError: [0m{
  "name": "UnknownError",
  "data": {
    "message": "Unexpected server error. Check server logs for details.",
    "ref": "err_faaf34ae"
  }
}
===== ANALYST ling3 2026-09-23 09:24:41 UTC =====
[91m[1mError: [0m{
  "name": "UnknownError",
  "data": {
    "message": "Unexpected server error. Check server logs for details.",
    "ref": "err_67dce356"
  }
}
===== ANALYST ling3 2026-09-23 14:28:49 UTC =====
[91m[1mError: [0m{
  "name": "UnknownError",
  "data": {
    "message": "Unexpected server error. Check server logs for details.",
    "ref": "err_b8bcc6a5"
  }
}
===== ANALYST ling3 2026-09-23 18:41:22 UTC =====
[91m[1mError: [0m{
  "name": "UnknownError",
  "data": {
    "message": "Unexpected server error. Check server logs for details.",
    "ref": "err_e8b870ce"
  }
}
===== ANALYST ling3 2026-09-23 21:50:26 UTC =====
[91m[1mError: [0m{
  "name": "UnknownError",
  "data": {
    "message": "Unexpected server error. Check server logs for details.",
    "ref": "err_c5118211"
  }
}
===== ANALYST ling3 2026-09-24 00:21:46 UTC =====
[91m[1mError: [0m{
  "name": "UnknownError",
  "data": {
    "message": "Unexpected server error. Check server logs for details.",
    "ref": "err_e5ba0035"
  }
}
===== ANALYST ling3 2026-09-24 05:26:21 UTC =====
[91m[1mError: [0m{
  "name": "UnknownError",
  "data": {
    "message": "Unexpected server error. Check server logs for details.",
    "ref": "err_5daf633a"
  }
}
===== ANALYST ling3 2026-09-24 10:35:08 UTC =====
[91m[1mError: [0m{
  "name": "UnknownError",
  "data": {
    "message": "Unexpected server error. Check server logs for details.",
    "ref": "err_78b31781"
  }
}
===== ANALYST ling3 2026-09-24 15:32:00 UTC =====
[91m[1mError: [0m{
  "name": "UnknownError",
  "data": {
    "message": "Unexpected server error. Check server logs for details.",
    "ref": "err_00e47acd"
  }
}
===== ANALYST ling3 2026-09-24 19:31:12 UTC =====
[91m[1mError: [0m{
  "name": "UnknownError",
  "data": {
    "message": "Unexpected server error. Check server logs for details.",
    "ref": "err_e29fe2cc"
  }
}
===== ANALYST ling3 2026-09-24 22:44:51 UTC =====
[91m[1mError: [0m{
  "name": "UnknownError",
  "data": {
    "message": "Unexpected server error. Check server logs for details.",
    "ref": "err_08c80273"
  }
}
===== ANALYST ling3 2026-09-25 01:21:05 UTC =====
[91m[1mError: [0m{
  "name": "UnknownError",
  "data": {
    "message": "Unexpected server error. Check server logs for details.",
    "ref": "err_4af8569b"
  }
}
===== ANALYST ling3 2026-09-25 06:16:15 UTC =====
[91m[1mError: [0m{
  "name": "UnknownError",
  "data": {
    "message": "Unexpected server error. Check server logs for details.",
    "ref": "err_1d303e19"
  }
}
===== ANALYST ling3 2026-09-25 12:03:55 UTC =====
[91m[1mError: [0m{
  "name": "UnknownError",
  "data": {
    "message": "Unexpected server error. Check server logs for details.",
    "ref": "err_89b1164a"
  }
}
===== ANALYST ling3 2026-09-25 17:08:28 UTC =====
[91m[1mError: [0m{
  "name": "UnknownError",
  "data": {
    "message": "Unexpected server error. Check server logs for details.",
    "ref": "err_12d8a793"
  }
}
===== ANALYST ling3 2026-09-25 20:36:15 UTC =====
[91m[1mError: [0m{
  "name": "UnknownError",
  "data": {
    "message": "Unexpected server error. Check server logs for details.",
    "ref": "err_915bf4e8"
  }
}
===== ANALYST ling3 2026-09-25 23:39:14 UTC =====
[91m[1mError: [0m{
  "name": "UnknownError",
  "data": {
    "message": "Unexpected server error. Check server logs for details.",
    "ref": "err_0d0fbea6"
  }
}
===== ANALYST ling3 2026-09-26 02:09:23 UTC =====
[91m[1mError: [0m{
  "name": "UnknownError",
  "data": {
    "message": "Unexpected server error. Check server logs for details.",
    "ref": "err_26fbd09a"
  }
}
===== ANALYST ling3 2026-09-26 07:37:29 UTC =====
[91m[1mError: [0m{
  "name": "UnknownError",
  "data": {
    "message": "Unexpected server error. Check server logs for details.",
    "ref": "err_20a2855b"
  }
}
===== ANALYST ling3 2026-09-26 12:35:52 UTC =====
[91m[1mError: [0m{
  "name": "UnknownError",
  "data": {
    "message": "Unexpected server error. Check server logs for details.",
    "ref": "err_9c67c456"
  }
}
===== ANALYST ling3 2026-09-26 16:48:44 UTC =====
[91m[1mError: [0m{
  "name": "UnknownError",
  "data": {
    "message": "Unexpected server error. Check server logs for details.",
    "ref": "err_c825bed4"
  }
}
===== ANALYST ling3 2026-09-26 19:42:24 UTC =====
[91m[1mError: [0m{
  "name": "UnknownError",
  "data": {
    "message": "Unexpected server error. Check server logs for details.",
    "ref": "err_b6dfb89a"
  }
}
===== ANALYST ling3 2026-09-26 22:16:47 UTC =====
[91m[1mError: [0m{
  "name": "UnknownError",
  "data": {
    "message": "Unexpected server error. Check server logs for details.",
    "ref": "err_56388545"
  }
}
===== ANALYST ling3 2026-09-27 00:46:35 UTC =====
[91m[1mError: [0m{
  "name": "UnknownError",
  "data": {
    "message": "Unexpected server error. Check server logs for details.",
    "ref": "err_90c32a67"
  }
}
===== ANALYST ling3 2026-09-27 06:31:14 UTC =====
[91m[1mError: [0m{
  "name": "UnknownError",
  "data": {
    "message": "Unexpected server error. Check server logs for details.",
    "ref": "err_9ac1d9cb"
  }
}
===== ANALYST ling3 2026-09-27 12:29:06 UTC =====
[91m[1mError: [0m{
  "name": "UnknownError",
  "data": {
    "message": "Unexpected server error. Check server logs for details.",
    "ref": "err_fc754c4b"
  }
}
===== ANALYST ling3 2026-09-27 17:21:40 UTC =====
[91m[1mError: [0m{
  "name": "UnknownError",
  "data": {
    "message": "Unexpected server error. Check server logs for details.",
    "ref": "err_3b46b193"
  }
}
===== ANALYST ling3 2026-09-27 20:20:42 UTC =====
[91m[1mError: [0m{
  "name": "UnknownError",
  "data": {
    "message": "Unexpected server error. Check server logs for details.",
    "ref": "err_5b081595"
  }
}
===== ANALYST ling3 2026-09-27 23:13:11 UTC =====
[91m[1mError: [0m{
  "name": "UnknownError",
  "data": {
    "message": "Unexpected server error. Check server logs for details.",
    "ref": "err_d12f68d9"
  }
}
===== ANALYST ling3 2026-09-28 01:47:19 UTC =====
[91m[1mError: [0m{
  "name": "UnknownError",
  "data": {
    "message": "Unexpected server error. Check server logs for details.",
    "ref": "err_3f0aaddd"
  }
}
===== ANALYST ling3 2026-09-28 08:38:07 UTC =====
[91m[1mError: [0m{
  "name": "UnknownError",
  "data": {
    "message": "Unexpected server error. Check server logs for details.",
    "ref": "err_dd74d9f2"
  }
}
===== ANALYST ling3 2026-09-28 17:04:29 UTC =====
[91m[1mError: [0m{
  "name": "UnknownError",
  "data": {
    "message": "Unexpected server error. Check server logs for details.",
    "ref": "err_2237215d"
  }
}
===== ANALYST ling3 2026-09-28 22:32:04 UTC =====
[91m[1mError: [0m{
  "name": "UnknownError",
  "data": {
    "message": "Unexpected server error. Check server logs for details.",
    "ref": "err_40ef3bc2"
  }
}
===== ANALYST ling3 2026-09-29 02:24:42 UTC =====
[91m[1mError: [0m{
  "name": "UnknownError",
  "data": {
    "message": "Unexpected server error. Check server logs for details.",
    "ref": "err_e1ad7161"
  }
}
===== ANALYST ling3 2026-09-29 08:48:19 UTC =====
[91m[1mError: [0m{
  "name": "UnknownError",
  "data": {
    "message": "Unexpected server error. Check server logs for details.",
    "ref": "err_19fba45c"
  }
}
===== ANALYST ling3 2026-09-29 15:42:16 UTC =====
[91m[1mError: [0m{
  "name": "UnknownError",
  "data": {
    "message": "Unexpected server error. Check server logs for details.",
    "ref": "err_f6b235e1"
  }
}
===== ANALYST ling3 2026-09-29 20:18:26 UTC =====
[91m[1mError: [0m{
  "name": "UnknownError",
  "data": {
    "message": "Unexpected server error. Check server logs for details.",
    "ref": "err_d4b365d9"
  }
}
===== ANALYST ling3 2026-09-29 23:54:01 UTC =====
[91m[1mError: [0m{
  "name": "UnknownError",
  "data": {
    "message": "Unexpected server error. Check server logs for details.",
    "ref": "err_e12846e7"
  }
}
===== ANALYST ling3 2026-09-30 05:13:31 UTC =====
[91m[1mError: [0m{
  "name": "UnknownError",
  "data": {
    "message": "Unexpected server error. Check server logs for details.",
    "ref": "err_2dd45360"
  }
}
===== ANALYST ling3 2026-09-30 11:19:12 UTC =====
[91m[1mError: [0m{
  "name": "UnknownError",
  "data": {
    "message": "Unexpected server error. Check server logs for details.",
    "ref": "err_8cee4d55"
  }
}
===== ANALYST ling3 2026-09-30 16:56:57 UTC =====
[91m[1mError: [0m{
  "name": "UnknownError",
  "data": {
    "message": "Unexpected server error. Check server logs for details.",
    "ref": "err_dfecc640"
  }
}
===== ANALYST ling3 2026-09-30 21:26:14 UTC =====
[91m[1mError: [0m{
  "name": "UnknownError",
  "data": {
    "message": "Unexpected server error. Check server logs for details.",
    "ref": "err_15ada7be"
  }
}
===== ANALYST ling3 2026-10-01 00:55:34 UTC =====
[91m[1mError: [0m{
  "name": "UnknownError",
  "data": {
    "message": "Unexpected server error. Check server logs for details.",
    "ref": "err_89eea01d"
  }
}
===== ANALYST ling3 2026-10-01 07:09:56 UTC =====
[91m[1mError: [0m{
  "name": "UnknownError",
  "data": {
    "message": "Unexpected server error. Check server logs for details.",
    "ref": "err_8f33e75a"
  }
}
===== ANALYST ling3 2026-10-01 14:55:27 UTC =====
[91m[1mError: [0m{
  "name": "UnknownError",
  "data": {
    "message": "Unexpected server error. Check server logs for details.",
    "ref": "err_3675d8e1"
  }
}
===== ANALYST ling3 2026-10-01 19:54:25 UTC =====
[91m[1mError: [0m{
  "name": "UnknownError",
  "data": {
    "message": "Unexpected server error. Check server logs for details.",
    "ref": "err_3f450d1f"
  }
}
===== ANALYST ling3 2026-10-01 23:51:07 UTC =====
[91m[1mError: [0m{
  "name": "UnknownError",
  "data": {
    "message": "Unexpected server error. Check server logs for details.",
    "ref": "err_7bcef444"
  }
}
===== ANALYST ling3 2026-10-02 05:07:10 UTC =====
[91m[1mError: [0m{
  "name": "UnknownError",
  "data": {
    "message": "Unexpected server error. Check server logs for details.",
    "ref": "err_9f0fa2ed"
  }
}
===== ANALYST ling3 2026-10-02 11:20:22 UTC =====
[91m[1mError: [0m{
  "name": "UnknownError",
  "data": {
    "message": "Unexpected server error. Check server logs for details.",
    "ref": "err_5e6f41ae"
  }
}
===== ANALYST ling3 2026-10-02 16:51:03 UTC =====
[91m[1mError: [0m{
  "name": "UnknownError",
  "data": {
    "message": "Unexpected server error. Check server logs for details.",
    "ref": "err_41265eab"
  }
}
===== ANALYST ling3 2026-10-02 21:18:03 UTC =====
[91m[1mError: [0m{
  "name": "UnknownError",
  "data": {
    "message": "Unexpected server error. Check server logs for details.",
    "ref": "err_93a13552"
  }
}
===== ANALYST ling3 2026-10-03 00:36:04 UTC =====
[91m[1mError: [0m{
  "name": "UnknownError",
  "data": {
    "message": "Unexpected server error. Check server logs for details.",
    "ref": "err_ec27d424"
  }
}
===== ANALYST ling3 2026-10-03 05:48:43 UTC =====
[91m[1mError: [0m{
  "name": "UnknownError",
  "data": {
    "message": "Unexpected server error. Check server logs for details.",
    "ref": "err_3187feda"
  }
}
===== ANALYST ling3 2026-10-03 11:32:05 UTC =====
[91m[1mError: [0m{
  "name": "UnknownError",
  "data": {
    "message": "Unexpected server error. Check server logs for details.",
    "ref": "err_d5e7a06a"
  }
}
===== ANALYST ling3 2026-10-03 15:24:10 UTC =====
[91m[1mError: [0m{
  "name": "UnknownError",
  "data": {
    "message": "Unexpected server error. Check server logs for details.",
    "ref": "err_f5b3f1b3"
  }
}
===== ANALYST ling3 2026-10-03 18:50:53 UTC =====
[91m[1mError: [0m{
  "name": "UnknownError",
  "data": {
    "message": "Unexpected server error. Check server logs for details.",
    "ref": "err_9f300c21"
  }
}
===== ANALYST ling3 2026-10-03 22:07:21 UTC =====
[91m[1mError: [0m{
  "name": "UnknownError",
  "data": {
    "message": "Unexpected server error. Check server logs for details.",
    "ref": "err_922b2bfd"
  }
}
===== ANALYST ling3 2026-10-04 00:49:42 UTC =====
[91m[1mError: [0m{
  "name": "UnknownError",
  "data": {
    "message": "Unexpected server error. Check server logs for details.",
    "ref": "err_a2a848ca"
  }
}
===== ANALYST ling3 2026-10-04 06:49:18 UTC =====
[91m[1mError: [0m{
  "name": "UnknownError",
  "data": {
    "message": "Unexpected server error. Check server logs for details.",
    "ref": "err_705c6861"
  }
}
===== ANALYST ling3 2026-10-04 13:11:21 UTC =====
[91m[1mError: [0m{
  "name": "UnknownError",
  "data": {
    "message": "Unexpected server error. Check server logs for details.",
    "ref": "err_dcbce770"
  }
}
===== ANALYST ling3 2026-10-04 17:45:21 UTC =====
[91m[1mError: [0m{
  "name": "UnknownError",
  "data": {
    "message": "Unexpected server error. Check server logs for details.",
    "ref": "err_90666a39"
  }
}
===== ANALYST ling3 2026-10-04 20:37:23 UTC =====
[91m[1mError: [0m{
  "name": "UnknownError",
  "data": {
    "message": "Unexpected server error. Check server logs for details.",
    "ref": "err_08d10ef0"
  }
}
===== ANALYST ling3 2026-10-04 23:42:43 UTC =====
[91m[1mError: [0m{
  "name": "UnknownError",
  "data": {
    "message": "Unexpected server error. Check server logs for details.",
    "ref": "err_a4fbb5a9"
  }
}
===== ANALYST ling3 2026-10-05 02:41:15 UTC =====
[91m[1mError: [0m{
  "name": "UnknownError",
  "data": {
    "message": "Unexpected server error. Check server logs for details.",
    "ref": "err_2fea35b8"
  }
}
===== ANALYST ling3 2026-10-05 09:53:00 UTC =====
[91m[1mError: [0m{
  "name": "UnknownError",
  "data": {
    "message": "Unexpected server error. Check server logs for details.",
    "ref": "err_606e1682"
  }
}
===== ANALYST ling3 2026-10-05 18:52:42 UTC =====
[91m[1mError: [0m{
  "name": "UnknownError",
  "data": {
    "message": "Unexpected server error. Check server logs for details.",
    "ref": "err_f9a80f4b"
  }
}
===== ANALYST ling3 2026-10-06 00:45:59 UTC =====
[91m[1mError: [0m{
  "name": "UnknownError",
  "data": {
    "message": "Unexpected server error. Check server logs for details.",
    "ref": "err_11021fdb"
  }
}
===== ANALYST ling3 2026-10-06 07:44:00 UTC =====
[91m[1mError: [0m{
  "name": "UnknownError",
  "data": {
    "message": "Unexpected server error. Check server logs for details.",
    "ref": "err_a0007353"
  }
}
===== ANALYST ling3 2026-10-06 14:47:52 UTC =====
[91m[1mError: [0m{
  "name": "UnknownError",
  "data": {
    "message": "Unexpected server error. Check server logs for details.",
    "ref": "err_95264806"
  }
}
