===== ANALYST laguna 2026-09-03 17:25:51 UTC =====
[91m[1mError: [0m{
  "name": "UnknownError",
  "data": {
    "message": "Unexpected server error. Check server logs for details.",
    "ref": "err_7fe83747"
  }
}
===== ANALYST laguna 2026-09-03 19:59:04 UTC =====
[91m[1mError: [0m{
  "name": "UnknownError",
  "data": {
    "message": "Unexpected server error. Check server logs for details.",
    "ref": "err_63268928"
  }
}
===== ANALYST laguna 2026-09-03 22:32:22 UTC =====
[91m[1mError: [0m{
  "name": "UnknownError",
  "data": {
    "message": "Unexpected server error. Check server logs for details.",
    "ref": "err_b62d045b"
  }
}
===== ANALYST laguna 2026-09-04 00:36:06 UTC =====
[91m[1mError: [0m{
  "name": "UnknownError",
  "data": {
    "message": "Unexpected server error. Check server logs for details.",
    "ref": "err_381c2cef"
  }
}
===== ANALYST laguna 2026-09-04 05:12:55 UTC =====
[91m[1mError: [0m{
  "name": "UnknownError",
  "data": {
    "message": "Unexpected server error. Check server logs for details.",
    "ref": "err_75a71684"
  }
}
===== ANALYST laguna 2026-09-04 09:55:16 UTC =====
[91m[1mError: [0m{
  "name": "UnknownError",
  "data": {
    "message": "Unexpected server error. Check server logs for details.",
    "ref": "err_e30e7b8d"
  }
}
===== ANALYST laguna 2026-09-04 14:14:31 UTC =====
[91m[1mError: [0m{
  "name": "UnknownError",
  "data": {
    "message": "Unexpected server error. Check server logs for details.",
    "ref": "err_d065ac10"
  }
}
===== ANALYST laguna 2026-09-04 17:50:13 UTC =====
[91m[1mError: [0m{
  "name": "UnknownError",
  "data": {
    "message": "Unexpected server error. Check server logs for details.",
    "ref": "err_eec64523"
  }
}
===== ANALYST laguna 2026-09-04 20:02:49 UTC =====
[91m[1mError: [0m{
  "name": "UnknownError",
  "data": {
    "message": "Unexpected server error. Check server logs for details.",
    "ref": "err_2992a996"
  }
}
===== ANALYST laguna 2026-09-04 22:20:56 UTC =====
[91m[1mError: [0m{
  "name": "UnknownError",
  "data": {
    "message": "Unexpected server error. Check server logs for details.",
    "ref": "err_a0ea01f4"
  }
}
===== ANALYST laguna 2026-09-05 00:24:44 UTC =====
[91m[1mError: [0m{
  "name": "UnknownError",
  "data": {
    "message": "Unexpected server error. Check server logs for details.",
    "ref": "err_f603e737"
  }
}
===== ANALYST laguna 2026-09-05 04:44:37 UTC =====
[91m[1mError: [0m{
  "name": "UnknownError",
  "data": {
    "message": "Unexpected server error. Check server logs for details.",
    "ref": "err_4efa827b"
  }
}
===== ANALYST laguna 2026-09-05 08:45:15 UTC =====
[91m[1mError: [0m{
  "name": "UnknownError",
  "data": {
    "message": "Unexpected server error. Check server logs for details.",
    "ref": "err_69802bbd"
  }
}
===== ANALYST laguna 2026-09-05 12:10:03 UTC =====
[91m[1mError: [0m{
  "name": "UnknownError",
  "data": {
    "message": "Unexpected server error. Check server logs for details.",
    "ref": "err_b6819127"
  }
}
===== ANALYST laguna 2026-09-05 15:31:08 UTC =====
[91m[1mError: [0m{
  "name": "UnknownError",
  "data": {
    "message": "Unexpected server error. Check server logs for details.",
    "ref": "err_d9741ed6"
  }
}
===== ANALYST laguna 2026-09-05 17:52:35 UTC =====
[91m[1mError: [0m{
  "name": "UnknownError",
  "data": {
    "message": "Unexpected server error. Check server logs for details.",
    "ref": "err_1205b3fc"
  }
}
===== ANALYST laguna 2026-09-05 19:34:42 UTC =====
[91m[1mError: [0m{
  "name": "UnknownError",
  "data": {
    "message": "Unexpected server error. Check server logs for details.",
    "ref": "err_541f0304"
  }
}
===== ANALYST laguna 2026-09-05 21:50:26 UTC =====
[91m[1mError: [0m{
  "name": "UnknownError",
  "data": {
    "message": "Unexpected server error. Check server logs for details.",
    "ref": "err_83947ce2"
  }
}
===== ANALYST laguna 2026-09-05 23:45:33 UTC =====
[91m[1mError: [0m{
  "name": "UnknownError",
  "data": {
    "message": "Unexpected server error. Check server logs for details.",
    "ref": "err_60d95852"
  }
}
===== ANALYST laguna 2026-09-06 04:05:10 UTC =====
[91m[1mError: [0m{
  "name": "UnknownError",
  "data": {
    "message": "Unexpected server error. Check server logs for details.",
    "ref": "err_77ce62a8"
  }
}
===== ANALYST laguna 2026-09-06 08:47:51 UTC =====
[91m[1mError: [0m{
  "name": "UnknownError",
  "data": {
    "message": "Unexpected server error. Check server logs for details.",
    "ref": "err_5a541dab"
  }
}
===== ANALYST laguna 2026-09-06 12:51:50 UTC =====
[91m[1mError: [0m{
  "name": "UnknownError",
  "data": {
    "message": "Unexpected server error. Check server logs for details.",
    "ref": "err_cbdd24b7"
  }
}
===== ANALYST laguna 2026-09-06 16:26:36 UTC =====
[91m[1mError: [0m{
  "name": "UnknownError",
  "data": {
    "message": "Unexpected server error. Check server logs for details.",
    "ref": "err_78a35db3"
  }
}
===== ANALYST laguna 2026-09-06 18:44:57 UTC =====
[91m[1mError: [0m{
  "name": "UnknownError",
  "data": {
    "message": "Unexpected server error. Check server logs for details.",
    "ref": "err_a4cc86ef"
  }
}
===== ANALYST laguna 2026-09-06 20:56:58 UTC =====
[91m[1mError: [0m{
  "name": "UnknownError",
  "data": {
    "message": "Unexpected server error. Check server logs for details.",
    "ref": "err_b10cca91"
  }
}
===== ANALYST laguna 2026-09-06 22:52:02 UTC =====
[91m[1mError: [0m{
  "name": "UnknownError",
  "data": {
    "message": "Unexpected server error. Check server logs for details.",
    "ref": "err_bebaf9fc"
  }
}
===== ANALYST laguna 2026-09-07 00:55:00 UTC =====
[91m[1mError: [0m{
  "name": "UnknownError",
  "data": {
    "message": "Unexpected server error. Check server logs for details.",
    "ref": "err_6f27c650"
  }
}
===== ANALYST laguna 2026-09-07 05:57:20 UTC =====
[91m[1mError: [0m{
  "name": "UnknownError",
  "data": {
    "message": "Unexpected server error. Check server logs for details.",
    "ref": "err_d84cdd98"
  }
}
===== ANALYST laguna 2026-09-07 12:11:41 UTC =====
[91m[1mError: [0m{
  "name": "UnknownError",
  "data": {
    "message": "Unexpected server error. Check server logs for details.",
    "ref": "err_0d912ebb"
  }
}
===== ANALYST laguna 2026-09-07 17:55:54 UTC =====
[91m[1mError: [0m{
  "name": "UnknownError",
  "data": {
    "message": "Unexpected server error. Check server logs for details.",
    "ref": "err_0fcb1c7b"
  }
}
===== ANALYST laguna 2026-09-07 21:29:12 UTC =====
[91m[1mError: [0m{
  "name": "UnknownError",
  "data": {
    "message": "Unexpected server error. Check server logs for details.",
    "ref": "err_044fd2e3"
  }
}
===== ANALYST laguna 2026-09-07 23:51:38 UTC =====
[91m[1mError: [0m{
  "name": "UnknownError",
  "data": {
    "message": "Unexpected server error. Check server logs for details.",
    "ref": "err_8938078b"
  }
}
===== ANALYST laguna 2026-09-08 04:14:51 UTC =====
[91m[1mError: [0m{
  "name": "UnknownError",
  "data": {
    "message": "Unexpected server error. Check server logs for details.",
    "ref": "err_9a5d8962"
  }
}
===== ANALYST laguna 2026-09-08 09:15:48 UTC =====
[91m[1mError: [0m{
  "name": "UnknownError",
  "data": {
    "message": "Unexpected server error. Check server logs for details.",
    "ref": "err_57573cf2"
  }
}
===== ANALYST laguna 2026-09-08 13:37:57 UTC =====
[91m[1mError: [0m{
  "name": "UnknownError",
  "data": {
    "message": "Unexpected server error. Check server logs for details.",
    "ref": "err_778997fb"
  }
}
===== ANALYST laguna 2026-09-08 17:50:37 UTC =====
[91m[1mError: [0m{
  "name": "UnknownError",
  "data": {
    "message": "Unexpected server error. Check server logs for details.",
    "ref": "err_53ac935d"
  }
}
===== ANALYST laguna 2026-09-08 20:29:13 UTC =====
[91m[1mError: [0m{
  "name": "UnknownError",
  "data": {
    "message": "Unexpected server error. Check server logs for details.",
    "ref": "err_7b40090d"
  }
}
===== ANALYST laguna 2026-09-08 22:49:04 UTC =====
[91m[1mError: [0m{
  "name": "UnknownError",
  "data": {
    "message": "Unexpected server error. Check server logs for details.",
    "ref": "err_52c71cb5"
  }
}
===== ANALYST laguna 2026-09-09 01:11:32 UTC =====
[91m[1mError: [0m{
  "name": "UnknownError",
  "data": {
    "message": "Unexpected server error. Check server logs for details.",
    "ref": "err_fd7471f2"
  }
}
===== ANALYST laguna 2026-09-09 06:13:32 UTC =====
[91m[1mError: [0m{
  "name": "UnknownError",
  "data": {
    "message": "Unexpected server error. Check server logs for details.",
    "ref": "err_dee72185"
  }
}
===== ANALYST laguna 2026-09-09 11:46:32 UTC =====
[91m[1mError: [0m{
  "name": "UnknownError",
  "data": {
    "message": "Unexpected server error. Check server logs for details.",
    "ref": "err_bd81583c"
  }
}
===== ANALYST laguna 2026-09-09 15:37:47 UTC =====
[91m[1mError: [0m{
  "name": "UnknownError",
  "data": {
    "message": "Unexpected server error. Check server logs for details.",
    "ref": "err_27fb687b"
  }
}
===== ANALYST laguna 2026-09-09 18:47:49 UTC =====
[91m[1mError: [0m{
  "name": "UnknownError",
  "data": {
    "message": "Unexpected server error. Check server logs for details.",
    "ref": "err_d6c5f580"
  }
}
===== ANALYST laguna 2026-09-09 21:38:34 UTC =====
[91m[1mError: [0m{
  "name": "UnknownError",
  "data": {
    "message": "Unexpected server error. Check server logs for details.",
    "ref": "err_043ca1dd"
  }
}
===== ANALYST laguna 2026-09-09 23:34:19 UTC =====
[91m[1mError: [0m{
  "name": "UnknownError",
  "data": {
    "message": "Unexpected server error. Check server logs for details.",
    "ref": "err_86580c08"
  }
}
===== ANALYST laguna 2026-09-10 01:33:10 UTC =====
[91m[1mError: [0m{
  "name": "UnknownError",
  "data": {
    "message": "Unexpected server error. Check server logs for details.",
    "ref": "err_2707a6b7"
  }
}
===== ANALYST laguna 2026-09-10 06:44:55 UTC =====
[91m[1mError: [0m{
  "name": "UnknownError",
  "data": {
    "message": "Unexpected server error. Check server logs for details.",
    "ref": "err_3aaf1113"
  }
}
===== ANALYST laguna 2026-09-10 12:07:09 UTC =====
[91m[1mError: [0m{
  "name": "UnknownError",
  "data": {
    "message": "Unexpected server error. Check server logs for details.",
    "ref": "err_bd5fb56a"
  }
}
===== ANALYST laguna 2026-09-10 16:22:36 UTC =====
[91m[1mError: [0m{
  "name": "UnknownError",
  "data": {
    "message": "Unexpected server error. Check server logs for details.",
    "ref": "err_55dc4a71"
  }
}
===== ANALYST laguna 2026-09-10 19:14:06 UTC =====
[91m[1mError: [0m{
  "name": "UnknownError",
  "data": {
    "message": "Unexpected server error. Check server logs for details.",
    "ref": "err_f600ff03"
  }
}
===== ANALYST laguna 2026-09-10 21:46:22 UTC =====
[91m[1mError: [0m{
  "name": "UnknownError",
  "data": {
    "message": "Unexpected server error. Check server logs for details.",
    "ref": "err_932b70a7"
  }
}
===== ANALYST laguna 2026-09-10 23:58:15 UTC =====
[91m[1mError: [0m{
  "name": "UnknownError",
  "data": {
    "message": "Unexpected server error. Check server logs for details.",
    "ref": "err_429fff03"
  }
}
===== ANALYST laguna 2026-09-11 04:24:46 UTC =====
[91m[1mError: [0m{
  "name": "UnknownError",
  "data": {
    "message": "Unexpected server error. Check server logs for details.",
    "ref": "err_9a58462e"
  }
}
===== ANALYST laguna 2026-09-11 09:18:33 UTC =====
[91m[1mError: [0m{
  "name": "UnknownError",
  "data": {
    "message": "Unexpected server error. Check server logs for details.",
    "ref": "err_9dd663e3"
  }
}
===== ANALYST laguna 2026-09-11 13:49:05 UTC =====
[91m[1mError: [0m{
  "name": "UnknownError",
  "data": {
    "message": "Unexpected server error. Check server logs for details.",
    "ref": "err_c25d1cb5"
  }
}
===== ANALYST laguna 2026-09-11 17:17:51 UTC =====
[91m[1mError: [0m{
  "name": "UnknownError",
  "data": {
    "message": "Unexpected server error. Check server logs for details.",
    "ref": "err_bfa53b1c"
  }
}
===== ANALYST laguna 2026-09-11 19:56:11 UTC =====
[91m[1mError: [0m{
  "name": "UnknownError",
  "data": {
    "message": "Unexpected server error. Check server logs for details.",
    "ref": "err_ac6dd45f"
  }
}
===== ANALYST laguna 2026-09-11 22:25:39 UTC =====
[91m[1mError: [0m{
  "name": "UnknownError",
  "data": {
    "message": "Unexpected server error. Check server logs for details.",
    "ref": "err_ca7f525f"
  }
}
===== ANALYST laguna 2026-09-12 00:40:16 UTC =====
[91m[1mError: [0m{
  "name": "UnknownError",
  "data": {
    "message": "Unexpected server error. Check server logs for details.",
    "ref": "err_e6f30a4a"
  }
}
===== ANALYST laguna 2026-09-12 05:10:29 UTC =====
[91m[1mError: [0m{
  "name": "UnknownError",
  "data": {
    "message": "Unexpected server error. Check server logs for details.",
    "ref": "err_c0971299"
  }
}
===== ANALYST laguna 2026-09-12 09:33:14 UTC =====
[91m[1mError: [0m{
  "name": "UnknownError",
  "data": {
    "message": "Unexpected server error. Check server logs for details.",
    "ref": "err_f269839a"
  }
}
===== ANALYST laguna 2026-09-12 13:18:33 UTC =====
[91m[1mError: [0m{
  "name": "UnknownError",
  "data": {
    "message": "Unexpected server error. Check server logs for details.",
    "ref": "err_bd3c19b5"
  }
}
===== ANALYST laguna 2026-09-12 16:36:30 UTC =====
[91m[1mError: [0m{
  "name": "UnknownError",
  "data": {
    "message": "Unexpected server error. Check server logs for details.",
    "ref": "err_1c5abc3a"
  }
}
===== ANALYST laguna 2026-09-12 18:51:51 UTC =====
[91m[1mError: [0m{
  "name": "UnknownError",
  "data": {
    "message": "Unexpected server error. Check server logs for details.",
    "ref": "err_fd7dfd50"
  }
}
===== ANALYST laguna 2026-09-12 21:25:02 UTC =====
[91m[1mError: [0m{
  "name": "UnknownError",
  "data": {
    "message": "Unexpected server error. Check server logs for details.",
    "ref": "err_29f37244"
  }
}
===== ANALYST laguna 2026-09-12 23:10:23 UTC =====
[91m[1mError: [0m{
  "name": "UnknownError",
  "data": {
    "message": "Unexpected server error. Check server logs for details.",
    "ref": "err_2f1d46b3"
  }
}
===== ANALYST laguna 2026-09-13 01:13:59 UTC =====
[91m[1mError: [0m{
  "name": "UnknownError",
  "data": {
    "message": "Unexpected server error. Check server logs for details.",
    "ref": "err_2b8c6c95"
  }
}
===== ANALYST laguna 2026-09-13 06:24:11 UTC =====
[91m[1mError: [0m{
  "name": "UnknownError",
  "data": {
    "message": "Unexpected server error. Check server logs for details.",
    "ref": "err_990a8948"
  }
}
===== ANALYST laguna 2026-09-13 12:11:17 UTC =====
[91m[1mError: [0m{
  "name": "UnknownError",
  "data": {
    "message": "Unexpected server error. Check server logs for details.",
    "ref": "err_bff32fef"
  }
}
===== ANALYST laguna 2026-09-13 16:33:31 UTC =====
[91m[1mError: [0m{
  "name": "UnknownError",
  "data": {
    "message": "Unexpected server error. Check server logs for details.",
    "ref": "err_769efdd7"
  }
}
===== ANALYST laguna 2026-09-13 19:04:26 UTC =====
[91m[1mError: [0m{
  "name": "UnknownError",
  "data": {
    "message": "Unexpected server error. Check server logs for details.",
    "ref": "err_619fa413"
  }
}
===== ANALYST laguna 2026-09-13 21:26:26 UTC =====
[91m[1mError: [0m{
  "name": "UnknownError",
  "data": {
    "message": "Unexpected server error. Check server logs for details.",
    "ref": "err_0830a848"
  }
}
===== ANALYST laguna 2026-09-13 23:33:52 UTC =====
[91m[1mError: [0m{
  "name": "UnknownError",
  "data": {
    "message": "Unexpected server error. Check server logs for details.",
    "ref": "err_8e3ff92a"
  }
}
===== ANALYST laguna 2026-09-14 01:46:00 UTC =====
[91m[1mError: [0m{
  "name": "UnknownError",
  "data": {
    "message": "Unexpected server error. Check server logs for details.",
    "ref": "err_b7e153e6"
  }
}
===== ANALYST laguna 2026-09-14 07:16:52 UTC =====
[91m[1mError: [0m{
  "name": "UnknownError",
  "data": {
    "message": "Unexpected server error. Check server logs for details.",
    "ref": "err_7569b2bb"
  }
}
===== ANALYST laguna 2026-09-14 14:33:09 UTC =====
[91m[1mError: [0m{
  "name": "UnknownError",
  "data": {
    "message": "Unexpected server error. Check server logs for details.",
    "ref": "err_aa0c9d9c"
  }
}
===== ANALYST laguna 2026-09-14 19:39:05 UTC =====
[91m[1mError: [0m{
  "name": "UnknownError",
  "data": {
    "message": "Unexpected server error. Check server logs for details.",
    "ref": "err_d57866ea"
  }
}
===== ANALYST laguna 2026-09-14 22:48:32 UTC =====
[91m[1mError: [0m{
  "name": "UnknownError",
  "data": {
    "message": "Unexpected server error. Check server logs for details.",
    "ref": "err_569264d2"
  }
}
===== ANALYST laguna 2026-09-15 01:21:50 UTC =====
[91m[1mError: [0m{
  "name": "UnknownError",
  "data": {
    "message": "Unexpected server error. Check server logs for details.",
    "ref": "err_8d4884c9"
  }
}
===== ANALYST laguna 2026-09-15 06:35:54 UTC =====
[91m[1mError: [0m{
  "name": "UnknownError",
  "data": {
    "message": "Unexpected server error. Check server logs for details.",
    "ref": "err_04359473"
  }
}
===== ANALYST laguna 2026-09-15 12:02:32 UTC =====
[91m[1mError: [0m{
  "name": "UnknownError",
  "data": {
    "message": "Unexpected server error. Check server logs for details.",
    "ref": "err_76bdb5f6"
  }
}
===== ANALYST laguna 2026-09-15 16:58:00 UTC =====
[91m[1mError: [0m{
  "name": "UnknownError",
  "data": {
    "message": "Unexpected server error. Check server logs for details.",
    "ref": "err_19a18485"
  }
}
===== ANALYST laguna 2026-09-15 20:12:57 UTC =====
[91m[1mError: [0m{
  "name": "UnknownError",
  "data": {
    "message": "Unexpected server error. Check server logs for details.",
    "ref": "err_054cf4e8"
  }
}
===== ANALYST laguna 2026-09-15 23:00:54 UTC =====
[91m[1mError: [0m{
  "name": "UnknownError",
  "data": {
    "message": "Unexpected server error. Check server logs for details.",
    "ref": "err_02538da2"
  }
}
===== ANALYST laguna 2026-09-16 01:20:24 UTC =====
[91m[1mError: [0m{
  "name": "UnknownError",
  "data": {
    "message": "Unexpected server error. Check server logs for details.",
    "ref": "err_c30f86e8"
  }
}
===== ANALYST laguna 2026-09-16 06:22:48 UTC =====
[91m[1mError: [0m{
  "name": "UnknownError",
  "data": {
    "message": "Unexpected server error. Check server logs for details.",
    "ref": "err_9da8533b"
  }
}
===== ANALYST laguna 2026-09-16 11:52:57 UTC =====
[91m[1mError: [0m{
  "name": "UnknownError",
  "data": {
    "message": "Unexpected server error. Check server logs for details.",
    "ref": "err_b601ec65"
  }
}
===== ANALYST laguna 2026-09-16 16:42:31 UTC =====
[91m[1mError: [0m{
  "name": "UnknownError",
  "data": {
    "message": "Unexpected server error. Check server logs for details.",
    "ref": "err_91b3be00"
  }
}
===== ANALYST laguna 2026-09-16 20:04:07 UTC =====
[91m[1mError: [0m{
  "name": "UnknownError",
  "data": {
    "message": "Unexpected server error. Check server logs for details.",
    "ref": "err_37ff787b"
  }
}
===== ANALYST laguna 2026-09-16 22:49:50 UTC =====
[91m[1mError: [0m{
  "name": "UnknownError",
  "data": {
    "message": "Unexpected server error. Check server logs for details.",
    "ref": "err_9bbc35aa"
  }
}
===== ANALYST laguna 2026-09-17 01:15:26 UTC =====
[91m[1mError: [0m{
  "name": "UnknownError",
  "data": {
    "message": "Unexpected server error. Check server logs for details.",
    "ref": "err_bcb9543f"
  }
}
===== ANALYST laguna 2026-09-17 06:16:54 UTC =====
[91m[1mError: [0m{
  "name": "UnknownError",
  "data": {
    "message": "Unexpected server error. Check server logs for details.",
    "ref": "err_1624c68b"
  }
}
===== ANALYST laguna 2026-09-17 11:57:39 UTC =====
[91m[1mError: [0m{
  "name": "UnknownError",
  "data": {
    "message": "Unexpected server error. Check server logs for details.",
    "ref": "err_91d7dfb2"
  }
}
===== ANALYST laguna 2026-09-17 16:44:07 UTC =====
[91m[1mError: [0m{
  "name": "UnknownError",
  "data": {
    "message": "Unexpected server error. Check server logs for details.",
    "ref": "err_01080f4f"
  }
}
===== ANALYST laguna 2026-09-17 20:09:33 UTC =====
[91m[1mError: [0m{
  "name": "UnknownError",
  "data": {
    "message": "Unexpected server error. Check server logs for details.",
    "ref": "err_606b1997"
  }
}
===== ANALYST laguna 2026-09-17 22:56:45 UTC =====
[91m[1mError: [0m{
  "name": "UnknownError",
  "data": {
    "message": "Unexpected server error. Check server logs for details.",
    "ref": "err_49ae4fb2"
  }
}
===== ANALYST laguna 2026-09-18 01:11:21 UTC =====
[91m[1mError: [0m{
  "name": "UnknownError",
  "data": {
    "message": "Unexpected server error. Check server logs for details.",
    "ref": "err_43461a2b"
  }
}
===== ANALYST laguna 2026-09-18 06:04:53 UTC =====
[91m[1mError: [0m{
  "name": "UnknownError",
  "data": {
    "message": "Unexpected server error. Check server logs for details.",
    "ref": "err_dec9cb3d"
  }
}
===== ANALYST laguna 2026-09-18 11:31:14 UTC =====
[91m[1mError: [0m{
  "name": "UnknownError",
  "data": {
    "message": "Unexpected server error. Check server logs for details.",
    "ref": "err_df7cab3d"
  }
}
===== ANALYST laguna 2026-09-18 15:14:00 UTC =====
[91m[1mError: [0m{
  "name": "UnknownError",
  "data": {
    "message": "Unexpected server error. Check server logs for details.",
    "ref": "err_27fb1906"
  }
}
===== ANALYST laguna 2026-09-18 18:46:25 UTC =====
[91m[1mError: [0m{
  "name": "UnknownError",
  "data": {
    "message": "Unexpected server error. Check server logs for details.",
    "ref": "err_e933e1df"
  }
}
===== ANALYST laguna 2026-09-18 21:20:16 UTC =====
[91m[1mError: [0m{
  "name": "UnknownError",
  "data": {
    "message": "Unexpected server error. Check server logs for details.",
    "ref": "err_6985c9f2"
  }
}
===== ANALYST laguna 2026-09-18 23:27:09 UTC =====
[91m[1mError: [0m{
  "name": "UnknownError",
  "data": {
    "message": "Unexpected server error. Check server logs for details.",
    "ref": "err_c4539ddb"
  }
}
===== ANALYST laguna 2026-09-19 01:41:27 UTC =====
[91m[1mError: [0m{
  "name": "UnknownError",
  "data": {
    "message": "Unexpected server error. Check server logs for details.",
    "ref": "err_1903daaa"
  }
}
===== ANALYST laguna 2026-09-19 06:39:33 UTC =====
[91m[1mError: [0m{
  "name": "UnknownError",
  "data": {
    "message": "Unexpected server error. Check server logs for details.",
    "ref": "err_35965237"
  }
}
===== ANALYST laguna 2026-09-19 11:36:14 UTC =====
[91m[1mError: [0m{
  "name": "UnknownError",
  "data": {
    "message": "Unexpected server error. Check server logs for details.",
    "ref": "err_12226827"
  }
}
===== ANALYST laguna 2026-09-19 14:52:04 UTC =====
[91m[1mError: [0m{
  "name": "UnknownError",
  "data": {
    "message": "Unexpected server error. Check server logs for details.",
    "ref": "err_632dea77"
  }
}
===== ANALYST laguna 2026-09-19 17:55:23 UTC =====
[91m[1mError: [0m{
  "name": "UnknownError",
  "data": {
    "message": "Unexpected server error. Check server logs for details.",
    "ref": "err_30d61b5d"
  }
}
===== ANALYST laguna 2026-09-19 20:26:57 UTC =====
[91m[1mError: [0m{
  "name": "UnknownError",
  "data": {
    "message": "Unexpected server error. Check server logs for details.",
    "ref": "err_5fc7431a"
  }
}
===== ANALYST laguna 2026-09-19 22:30:58 UTC =====
[91m[1mError: [0m{
  "name": "UnknownError",
  "data": {
    "message": "Unexpected server error. Check server logs for details.",
    "ref": "err_8c8b9389"
  }
}
===== ANALYST laguna 2026-09-20 00:25:22 UTC =====
[91m[1mError: [0m{
  "name": "UnknownError",
  "data": {
    "message": "Unexpected server error. Check server logs for details.",
    "ref": "err_86b60f33"
  }
}
===== ANALYST laguna 2026-09-20 05:26:54 UTC =====
[91m[1mError: [0m{
  "name": "UnknownError",
  "data": {
    "message": "Unexpected server error. Check server logs for details.",
    "ref": "err_f3f55321"
  }
}
===== ANALYST laguna 2026-09-20 10:10:22 UTC =====
[91m[1mError: [0m{
  "name": "UnknownError",
  "data": {
    "message": "Unexpected server error. Check server logs for details.",
    "ref": "err_55d2f2d8"
  }
}
===== ANALYST laguna 2026-09-20 14:21:29 UTC =====
[91m[1mError: [0m{
  "name": "UnknownError",
  "data": {
    "message": "Unexpected server error. Check server logs for details.",
    "ref": "err_ee781659"
  }
}
===== ANALYST laguna 2026-09-20 17:37:13 UTC =====
[91m[1mError: [0m{
  "name": "UnknownError",
  "data": {
    "message": "Unexpected server error. Check server logs for details.",
    "ref": "err_e9686320"
  }
}
===== ANALYST laguna 2026-09-20 19:48:26 UTC =====
[91m[1mError: [0m{
  "name": "UnknownError",
  "data": {
    "message": "Unexpected server error. Check server logs for details.",
    "ref": "err_0bcf8565"
  }
}
===== ANALYST laguna 2026-09-20 22:22:02 UTC =====
[91m[1mError: [0m{
  "name": "UnknownError",
  "data": {
    "message": "Unexpected server error. Check server logs for details.",
    "ref": "err_72dc4817"
  }
}
===== ANALYST laguna 2026-09-21 00:22:20 UTC =====
[91m[1mError: [0m{
  "name": "UnknownError",
  "data": {
    "message": "Unexpected server error. Check server logs for details.",
    "ref": "err_11fb9bb8"
  }
}
===== ANALYST laguna 2026-09-21 05:14:16 UTC =====
[91m[1mError: [0m{
  "name": "UnknownError",
  "data": {
    "message": "Unexpected server error. Check server logs for details.",
    "ref": "err_e23faddf"
  }
}
===== ANALYST laguna 2026-09-21 10:57:13 UTC =====
[91m[1mError: [0m{
  "name": "UnknownError",
  "data": {
    "message": "Unexpected server error. Check server logs for details.",
    "ref": "err_b0cf1987"
  }
}
===== ANALYST laguna 2026-09-21 16:59:25 UTC =====
[91m[1mError: [0m{
  "name": "UnknownError",
  "data": {
    "message": "Unexpected server error. Check server logs for details.",
    "ref": "err_0eb19e9f"
  }
}
===== ANALYST laguna 2026-09-21 20:58:35 UTC =====
[91m[1mError: [0m{
  "name": "UnknownError",
  "data": {
    "message": "Unexpected server error. Check server logs for details.",
    "ref": "err_2a0b6b1e"
  }
}
===== ANALYST laguna 2026-09-22 00:01:27 UTC =====
[91m[1mError: [0m{
  "name": "UnknownError",
  "data": {
    "message": "Unexpected server error. Check server logs for details.",
    "ref": "err_7cd31595"
  }
}
===== ANALYST laguna 2026-09-22 04:45:23 UTC =====
[91m[1mError: [0m{
  "name": "UnknownError",
  "data": {
    "message": "Unexpected server error. Check server logs for details.",
    "ref": "err_a7db7342"
  }
}
===== ANALYST laguna 2026-09-22 09:50:56 UTC =====
[91m[1mError: [0m{
  "name": "UnknownError",
  "data": {
    "message": "Unexpected server error. Check server logs for details.",
    "ref": "err_749cbc00"
  }
}
===== ANALYST laguna 2026-09-22 14:36:38 UTC =====
[91m[1mError: [0m{
  "name": "UnknownError",
  "data": {
    "message": "Unexpected server error. Check server logs for details.",
    "ref": "err_7e5c4e1b"
  }
}
===== ANALYST laguna 2026-09-22 18:18:54 UTC =====
[91m[1mError: [0m{
  "name": "UnknownError",
  "data": {
    "message": "Unexpected server error. Check server logs for details.",
    "ref": "err_bb545ae6"
  }
}
===== ANALYST laguna 2026-09-22 21:30:15 UTC =====
[91m[1mError: [0m{
  "name": "UnknownError",
  "data": {
    "message": "Unexpected server error. Check server logs for details.",
    "ref": "err_1b170c29"
  }
}
===== ANALYST laguna 2026-09-22 23:51:17 UTC =====
[91m[1mError: [0m{
  "name": "UnknownError",
  "data": {
    "message": "Unexpected server error. Check server logs for details.",
    "ref": "err_c3d9b1b1"
  }
}
===== ANALYST laguna 2026-09-23 04:17:41 UTC =====
[91m[1mError: [0m{
  "name": "UnknownError",
  "data": {
    "message": "Unexpected server error. Check server logs for details.",
    "ref": "err_bc35ceeb"
  }
}
===== ANALYST laguna 2026-09-23 09:24:41 UTC =====
[91m[1mError: [0m{
  "name": "UnknownError",
  "data": {
    "message": "Unexpected server error. Check server logs for details.",
    "ref": "err_da278a08"
  }
}
===== ANALYST laguna 2026-09-23 14:28:49 UTC =====
[91m[1mError: [0m{
  "name": "UnknownError",
  "data": {
    "message": "Unexpected server error. Check server logs for details.",
    "ref": "err_cc7bca08"
  }
}
===== ANALYST laguna 2026-09-23 18:41:22 UTC =====
[91m[1mError: [0m{
  "name": "UnknownError",
  "data": {
    "message": "Unexpected server error. Check server logs for details.",
    "ref": "err_f70f99f1"
  }
}
===== ANALYST laguna 2026-09-23 21:50:26 UTC =====
[91m[1mError: [0m{
  "name": "UnknownError",
  "data": {
    "message": "Unexpected server error. Check server logs for details.",
    "ref": "err_16039cf7"
  }
}
===== ANALYST laguna 2026-09-24 00:21:46 UTC =====
[91m[1mError: [0m{
  "name": "UnknownError",
  "data": {
    "message": "Unexpected server error. Check server logs for details.",
    "ref": "err_546891d4"
  }
}
===== ANALYST laguna 2026-09-24 05:26:21 UTC =====
[91m[1mError: [0m{
  "name": "UnknownError",
  "data": {
    "message": "Unexpected server error. Check server logs for details.",
    "ref": "err_339418d3"
  }
}
===== ANALYST laguna 2026-09-24 10:35:08 UTC =====
[91m[1mError: [0m{
  "name": "UnknownError",
  "data": {
    "message": "Unexpected server error. Check server logs for details.",
    "ref": "err_4007de27"
  }
}
===== ANALYST laguna 2026-09-24 15:32:00 UTC =====
[91m[1mError: [0m{
  "name": "UnknownError",
  "data": {
    "message": "Unexpected server error. Check server logs for details.",
    "ref": "err_a1cfb64d"
  }
}
===== ANALYST laguna 2026-09-24 19:31:12 UTC =====
[91m[1mError: [0m{
  "name": "UnknownError",
  "data": {
    "message": "Unexpected server error. Check server logs for details.",
    "ref": "err_cf05aa26"
  }
}
===== ANALYST laguna 2026-09-24 22:44:51 UTC =====
[91m[1mError: [0m{
  "name": "UnknownError",
  "data": {
    "message": "Unexpected server error. Check server logs for details.",
    "ref": "err_5ba65e5d"
  }
}
===== ANALYST laguna 2026-09-25 01:21:05 UTC =====
[91m[1mError: [0m{
  "name": "UnknownError",
  "data": {
    "message": "Unexpected server error. Check server logs for details.",
    "ref": "err_dac809d7"
  }
}
===== ANALYST laguna 2026-09-25 06:16:15 UTC =====
[91m[1mError: [0m{
  "name": "UnknownError",
  "data": {
    "message": "Unexpected server error. Check server logs for details.",
    "ref": "err_b7ec1a19"
  }
}
===== ANALYST laguna 2026-09-25 12:03:55 UTC =====
[91m[1mError: [0m{
  "name": "UnknownError",
  "data": {
    "message": "Unexpected server error. Check server logs for details.",
    "ref": "err_2e743672"
  }
}
===== ANALYST laguna 2026-09-25 17:08:28 UTC =====
[91m[1mError: [0m{
  "name": "UnknownError",
  "data": {
    "message": "Unexpected server error. Check server logs for details.",
    "ref": "err_977447ac"
  }
}
===== ANALYST laguna 2026-09-25 20:36:15 UTC =====
[91m[1mError: [0m{
  "name": "UnknownError",
  "data": {
    "message": "Unexpected server error. Check server logs for details.",
    "ref": "err_447fd5e7"
  }
}
===== ANALYST laguna 2026-09-25 23:39:14 UTC =====
[91m[1mError: [0m{
  "name": "UnknownError",
  "data": {
    "message": "Unexpected server error. Check server logs for details.",
    "ref": "err_969df4b2"
  }
}
===== ANALYST laguna 2026-09-26 02:09:23 UTC =====
[91m[1mError: [0m{
  "name": "UnknownError",
  "data": {
    "message": "Unexpected server error. Check server logs for details.",
    "ref": "err_ca22ae95"
  }
}
===== ANALYST laguna 2026-09-26 07:37:29 UTC =====
[91m[1mError: [0m{
  "name": "UnknownError",
  "data": {
    "message": "Unexpected server error. Check server logs for details.",
    "ref": "err_656b7281"
  }
}
===== ANALYST laguna 2026-09-26 12:35:52 UTC =====
[91m[1mError: [0m{
  "name": "UnknownError",
  "data": {
    "message": "Unexpected server error. Check server logs for details.",
    "ref": "err_fe4fb99f"
  }
}
